Apr 20 23:00:47 shreeram systemd[1]: fprintd.service: Deactivated successfully.
Apr 20 23:00:48 shreeram systemd[1]: systemd-localed.service: Deactivated successfully.
Apr 20 23:00:48 shreeram systemd[1]: systemd-hostnamed.service: Deactivated successfully.
Apr 20 23:00:50 shreeram systemd[1]: Starting Fingerprint Authentication Daemon...
Apr 20 23:00:51 shreeram systemd[1]: Started Fingerprint Authentication Daemon.
Apr 20 23:00:56 shreeram systemd[1]: Created slice User Slice of UID 1000.
Apr 20 23:00:56 shreeram systemd[1]: Starting User Runtime Directory /run/user/1000...
Apr 20 23:00:56 shreeram systemd-logind[848]: New session 2 of user narotam.
Apr 20 23:00:56 shreeram systemd[1]: Finished User Runtime Directory /run/user/1000.
Apr 20 23:00:56 shreeram systemd[1]: Starting User Manager for UID 1000...
Apr 20 23:00:57 shreeram systemd[2218]: Queued start job for default target Main User Target.
Apr 20 23:00:57 shreeram systemd[2218]: Created slice User Application Slice.
Apr 20 23:00:57 shreeram systemd[2218]: Started Mark boot as successful after the user session has run 2 minutes.
Apr 20 23:00:57 shreeram systemd[2218]: Started Daily Cleanup of User's Temporary Directories.
Apr 20 23:00:57 shreeram systemd[2218]: Reached target Paths.
Apr 20 23:00:57 shreeram systemd[2218]: Reached target Timers.
Apr 20 23:00:57 shreeram systemd[2218]: Starting D-Bus User Message Bus Socket...
Apr 20 23:00:57 shreeram systemd[2218]: Listening on PipeWire PulseAudio.
Apr 20 23:00:57 shreeram systemd[2218]: Listening on PipeWire Multimedia System Socket.
Apr 20 23:00:57 shreeram systemd[2218]: Starting Create User's Volatile Files and Directories...
Apr 20 23:00:57 shreeram systemd[2218]: Listening on D-Bus User Message Bus Socket.
Apr 20 23:00:57 shreeram systemd[2218]: Reached target Sockets.
Apr 20 23:00:57 shreeram systemd[2218]: Finished Create User's Volatile Files and Directories.
Apr 20 23:00:57 shreeram systemd[2218]: Reached target Basic System.
Apr 20 23:00:57 shreeram systemd[1]: Started User Manager for UID 1000.
Apr 20 23:00:57 shreeram systemd[1]: Started Session 2 of User narotam.
Apr 20 23:00:57 shreeram systemd[2218]: Reached target Main User Target.
Apr 20 23:00:57 shreeram systemd[2218]: Startup finished in 349ms.
Apr 20 23:00:58 shreeram gsd-media-keys[1704]: Unable to get default source
Apr 20 23:00:58 shreeram gsd-media-keys[1704]: Unable to get default sink
Apr 20 23:00:58 shreeram systemd[2218]: Starting D-Bus User Message Bus...
Apr 20 23:00:58 shreeram systemd[2218]: Started D-Bus User Message Bus.
Apr 20 23:00:58 shreeram dbus-broker-launch[2265]: Policy to allow eavesdropping in /usr/share/dbus-1/session.conf +31: Eavesdropping is deprecated and ignored
Apr 20 23:00:58 shreeram dbus-broker-launch[2265]: Policy to allow eavesdropping in /usr/share/dbus-1/session.conf +33: Eavesdropping is deprecated and ignored
Apr 20 23:00:58 shreeram dbus-broker-lau[2265]: Ready
Apr 20 23:00:58 shreeram systemd[1]: Starting Hostname Service...
Apr 20 23:00:58 shreeram systemd[1]: Started Hostname Service.
Apr 20 23:00:59 shreeram systemd[2218]: Created slice Slice /app/gnome-session-manager.
Apr 20 23:00:59 shreeram systemd[2218]: Created slice User Core Session Slice.
Apr 20 23:00:59 shreeram systemd[2218]: Reached target GNOME Wayland Session.
Apr 20 23:00:59 shreeram systemd[2218]: Reached target GNOME Shell.
Apr 20 23:00:59 shreeram systemd[2218]: GNOME Initial Setup Copy Worker was skipped because of an unmet condition check (ConditionPathExists=!/home/narotam/.config/gnome-initial-setup-done).
Apr 20 23:00:59 shreeram systemd[2218]: Reached target Session services which should run early before the graphical session is brought up.
Apr 20 23:00:59 shreeram systemd[2218]: Starting Monitor Session leader for GNOME Session...
Apr 20 23:00:59 shreeram systemd[2218]: Started Monitor Session leader for GNOME Session.
Apr 20 23:00:59 shreeram systemd[2218]: Reached target Tasks to be run before GNOME Session starts.
Apr 20 23:00:59 shreeram systemd[2218]: Starting GNOME Session Manager (session: gnome)...
Apr 20 23:00:59 shreeram systemd[2218]: Started Application launched by gnome-session-binary.
Apr 20 23:00:59 shreeram systemd[2218]: Started Application launched by gnome-session-binary.
Apr 20 23:00:59 shreeram systemd[2218]: Started Application launched by gnome-session-binary.
Apr 20 23:00:59 shreeram gnome-keyring-daemon[2246]: failed to unlock login keyring on startup
Apr 20 23:00:59 shreeram gnome-keyring-ssh.desktop[2354]: SSH_AUTH_SOCK=/run/user/1000/keyring/ssh
Apr 20 23:00:59 shreeram gnome-keyring-pkcs11.desktop[2355]: SSH_AUTH_SOCK=/run/user/1000/keyring/ssh
Apr 20 23:00:59 shreeram systemd[2218]: Started GNOME Session Manager (session: gnome).
Apr 20 23:00:59 shreeram systemd[2218]: Started Application launched by gnome-session-binary.
Apr 20 23:00:59 shreeram systemd[2218]: Reached target GNOME Session Manager is ready.
Apr 20 23:00:59 shreeram systemd[2218]: Starting GNOME Shell on Wayland...
Apr 20 23:00:59 shreeram systemd[2218]: Starting GNOME Shell on X11...
Apr 20 23:00:59 shreeram systemd[2218]: org.gnome.Shell@x11.service: Skipped due to 'exec-condition'.
Apr 20 23:00:59 shreeram systemd[2218]: Condition check resulted in GNOME Shell on X11 being skipped.
Apr 20 23:00:59 shreeram gnome-shell[2363]: Adding device '/dev/dri/card0' (vmwgfx) using non-atomic mode setting (using atomic mode setting not allowed).
Apr 20 23:01:00 shreeram gnome-shell[2363]: Created gbm renderer for '/dev/dri/card0'
Apr 20 23:01:00 shreeram gnome-shell[2363]: Boot VGA GPU /dev/dri/card0 selected as primary
Apr 20 23:01:00 shreeram systemd[2218]: Starting Virtual filesystem service...
Apr 20 23:01:00 shreeram systemd[2218]: Started Virtual filesystem service.
Apr 20 23:01:00 shreeram gnome-shell[2363]: Disabling DMA buffer screen sharing for driver 'vmwgfx'.
Apr 20 23:01:00 shreeram gnome-shell[2363]: Using public X11 display :0, (using :1 for managed services)
Apr 20 23:01:00 shreeram gnome-shell[2363]: Using Wayland display name 'wayland-0'
Apr 20 23:01:00 shreeram systemd[2218]: Starting Accessibility services bus...
Apr 20 23:01:00 shreeram systemd[2218]: Started Accessibility services bus.
Apr 20 23:01:00 shreeram at-spi-bus-launcher[2412]: Policy to allow eavesdropping in /usr/share/defaults/at-spi2/accessibility.conf +15: Eavesdropping is deprecated and ignored
Apr 20 23:01:00 shreeram at-spi-bus-launcher[2412]: Policy to allow eavesdropping in /usr/share/defaults/at-spi2/accessibility.conf +17: Eavesdropping is deprecated and ignored
Apr 20 23:01:00 shreeram dbus-broker-lau[2412]: Ready
Apr 20 23:01:01 shreeram gnome-shell[2363]: Skipping parental controls support as it’s disabled
Apr 20 23:01:01 shreeram gnome-shell[2363]: Unset XDG_SESSION_ID, getCurrentSessionProxy() called outside a user session. Asking logind directly.
Apr 20 23:01:01 shreeram gnome-shell[2363]: Will monitor session 2
Apr 20 23:01:02 shreeram systemd[2218]: Created slice Slice /app/dbus-:1.2-org.freedesktop.portal.IBus.
Apr 20 23:01:02 shreeram systemd[2218]: Started dbus-:1.2-org.freedesktop.portal.IBus@0.service.
Apr 20 23:01:02 shreeram systemd[2218]: Created slice Slice /app/dbus-:1.2-org.gnome.Shell.CalendarServer.
Apr 20 23:01:02 shreeram systemd[2218]: Started dbus-:1.2-org.gnome.Shell.CalendarServer@0.service.
Apr 20 23:01:02 shreeram systemd[2218]: Starting sandboxed app permission store...
Apr 20 23:01:02 shreeram systemd[2218]: Started sandboxed app permission store.
Apr 20 23:01:02 shreeram systemd[2218]: Starting Evolution source registry...
Apr 20 23:01:02 shreeram systemd[2218]: Started PipeWire Multimedia Service.
Apr 20 23:01:02 shreeram systemd[2218]: Started Multimedia Service Session Manager.
Apr 20 23:01:02 shreeram systemd[2218]: Started PipeWire PulseAudio.
Apr 20 23:01:02 shreeram systemd[2218]: Created slice Slice /app/dbus-:1.2-org.gnome.OnlineAccounts.
Apr 20 23:01:02 shreeram systemd[2218]: Started dbus-:1.2-org.gnome.OnlineAccounts@0.service.
Apr 20 23:01:02 shreeram pipewire[2467]: mod.rt: Can't find org.freedesktop.portal.Desktop. Is xdg-desktop-portal running?
Apr 20 23:01:02 shreeram pipewire[2467]: mod.rt: found session bus but no portal
Apr 20 23:01:02 shreeram gnome-shell[2363]: g_strsplit: assertion 'string != NULL' failed
Apr 20 23:01:02 shreeram wireplumber[2469]: Can't find org.freedesktop.portal.Desktop. Is xdg-desktop-portal running?
Apr 20 23:01:02 shreeram wireplumber[2469]: found session bus but no portal
Apr 20 23:01:03 shreeram rtkit-daemon[845]: Successfully made thread 2467 of process 2467 (/usr/bin/pipewire) owned by '1000' high priority at nice level -11.
Apr 20 23:01:03 shreeram pipewire-pulse[2470]: mod.rt: Can't find org.freedesktop.portal.Desktop. Is xdg-desktop-portal running?
Apr 20 23:01:03 shreeram pipewire-pulse[2470]: mod.rt: found session bus but no portal
Apr 20 23:01:03 shreeram systemd[2218]: Started Evolution source registry.
Apr 20 23:01:03 shreeram rtkit-daemon[845]: Successfully made thread 2469 of process 2469 (/usr/bin/wireplumber) owned by '1000' high priority at nice level -11.
Apr 20 23:01:03 shreeram rtkit-daemon[845]: Successfully made thread 2470 of process 2470 (/usr/bin/pipewire-pulse) owned by '1000' high priority at nice level -11.
Apr 20 23:01:03 shreeram rtkit-daemon[845]: Successfully made thread 2481 of process 2467 (/usr/bin/pipewire) owned by '1000' RT at priority 20.
Apr 20 23:01:03 shreeram rtkit-daemon[845]: Successfully made thread 2484 of process 2469 (/usr/bin/wireplumber) owned by '1000' RT at priority 20.
Apr 20 23:01:03 shreeram wireplumber[2469]: Failed to set scheduler settings: Operation not permitted
Apr 20 23:01:03 shreeram systemd[2218]: Starting Evolution calendar service...
Apr 20 23:01:03 shreeram rtkit-daemon[845]: Successfully made thread 2489 of process 2470 (/usr/bin/pipewire-pulse) owned by '1000' RT at priority 20.
Apr 20 23:01:03 shreeram wireplumber[2469]: SPA handle 'api.libcamera.enum.manager' could not be loaded; is it installed?
Apr 20 23:01:03 shreeram wireplumber[2469]: PipeWire's libcamera SPA missing or broken. libcamera not supported.
Apr 20 23:01:03 shreeram wireplumber[2469]: GetManagedObjects() failed: org.freedesktop.DBus.Error.NameHasNoOwner
Apr 20 23:01:03 shreeram wireplumber[2469]: <WpSiAudioAdapter:0x559e72eba050> Object activation aborted: proxy destroyed
Apr 20 23:01:03 shreeram wireplumber[2469]: <WpSiAudioAdapter:0x559e72eba050> failed to activate item: Object activation aborted: proxy destroyed
Apr 20 23:01:03 shreeram gnome-shell[2363]: Telepathy is not available, chat integration will be disabled.
Apr 20 23:01:04 shreeram systemd[2218]: Starting Virtual filesystem service - disk device monitor...
Apr 20 23:01:04 shreeram systemd[2218]: Started Virtual filesystem service - disk device monitor.
Apr 20 23:01:04 shreeram systemd[2218]: Starting Virtual filesystem service - Media Transfer Protocol monitor...
Apr 20 23:01:04 shreeram systemd[2218]: Started Evolution calendar service.
Apr 20 23:01:04 shreeram goa-daemon[2471]: goa-daemon version 3.40.0 starting
Apr 20 23:01:04 shreeram systemd[2218]: Starting User preferences database...
Apr 20 23:01:04 shreeram systemd[2218]: Created slice Slice /app/dbus-:1.2-org.gnome.Identity.
Apr 20 23:01:04 shreeram systemd[2218]: Started dbus-:1.2-org.gnome.Identity@0.service.
Apr 20 23:01:04 shreeram systemd[2218]: Starting Evolution address book service...
Apr 20 23:01:04 shreeram systemd[2218]: Started Virtual filesystem service - Media Transfer Protocol monitor.
Apr 20 23:01:04 shreeram systemd[2218]: Started User preferences database.
Apr 20 23:01:04 shreeram systemd[2218]: Starting Virtual filesystem service - digital camera monitor...
Apr 20 23:01:04 shreeram systemd[2218]: Started Virtual filesystem service - digital camera monitor.
Apr 20 23:01:04 shreeram systemd[1]: Starting SSSD Kerberos Cache Manager...
Apr 20 23:01:04 shreeram systemd[2218]: Starting Virtual filesystem service - GNOME Online Accounts monitor...
Apr 20 23:01:05 shreeram systemd[1]: Started SSSD Kerberos Cache Manager.
Apr 20 23:01:05 shreeram sssd_kcm[2547]: Starting up
Apr 20 23:01:05 shreeram systemd[2218]: Started Virtual filesystem service - GNOME Online Accounts monitor.
Apr 20 23:01:05 shreeram systemd[2218]: Started Evolution address book service.
Apr 20 23:01:05 shreeram goa-identity-se[2532]: GoaKerberosIdentityManager: Using polling for change notification for credential cache type 'KCM'
Apr 20 23:01:06 shreeram systemd[2218]: Created slice Slice /app/dbus-:1.13-org.a11y.atspi.Registry.
Apr 20 23:01:06 shreeram systemd[2218]: Created slice Slice /app/dbus-:1.2-org.gnome.Shell.Notifications.
Apr 20 23:01:06 shreeram systemd[2218]: Started dbus-:1.13-org.a11y.atspi.Registry@0.service.
Apr 20 23:01:06 shreeram systemd[2218]: Started dbus-:1.2-org.gnome.Shell.Notifications@0.service.
Apr 20 23:01:06 shreeram systemd[2218]: Started GNOME Shell on Wayland.
Apr 20 23:01:06 shreeram systemd[2218]: Reached target GNOME Session is initialized.
Apr 20 23:01:06 shreeram systemd[2218]: GNOME session X11 services is inactive.
Apr 20 23:01:06 shreeram systemd[2218]: Dependency failed for GNOME XSettings service.
Apr 20 23:01:06 shreeram systemd[2218]: org.gnome.SettingsDaemon.XSettings.service: Job org.gnome.SettingsDaemon.XSettings.service/start failed with result 'dependency'.
Apr 20 23:01:06 shreeram systemd[2218]: gnome-session-x11-services-ready.target: Job gnome-session-x11-services-ready.target/verify-active failed with result 'dependency'.
Apr 20 23:01:06 shreeram systemd[2218]: Reached target GNOME Session (session: gnome).
Apr 20 23:01:06 shreeram systemd[2218]: Reached target GNOME XSettings target.
Apr 20 23:01:06 shreeram at-spi2-registryd[2562]: SpiRegistry daemon is running with well-known name - org.a11y.atspi.Registry
Apr 20 23:01:06 shreeram systemd[2218]: Starting Signal initialization done to GNOME Session Manager...
Apr 20 23:01:06 shreeram systemd[2218]: Starting GNOME accessibility service...
Apr 20 23:01:07 shreeram systemd[2218]: Starting GNOME color management service...
Apr 20 23:01:07 shreeram udisksd[849]: Mounted /dev/sr0 at /run/media/narotam/RHEL-9-3-0-BaseOS-x86_64 on behalf of uid 1000
Apr 20 23:01:07 shreeram systemd[2218]: Starting GNOME date & time service...
Apr 20 23:01:07 shreeram systemd[2218]: Starting GNOME maintenance of expirable data service...
Apr 20 23:01:07 shreeram systemd[2218]: Starting GNOME keyboard configuration service...
Apr 20 23:01:07 shreeram systemd[2218]: Starting GNOME keyboard shortcuts service...
Apr 20 23:01:08 shreeram systemd[2218]: Starting GNOME power management service...
Apr 20 23:01:08 shreeram systemd[2218]: Starting GNOME printer notifications service...
Apr 20 23:01:08 shreeram systemd[2218]: Starting GNOME RFKill support service...
Apr 20 23:01:08 shreeram gnome-shell[1348]: Connection to xwayland lost
Apr 20 23:01:08 shreeram gdm-wayland-session[1272]: GLib: Source ID 2 was not found when attempting to remove it
Apr 20 23:01:08 shreeram cupsd[1041]: REQUEST localhost - - "POST / HTTP/1.1" 200 151 Cancel-Subscription successful-ok
Apr 20 23:01:08 shreeram gdm-launch-environment][1134]: GLib-GObject: g_object_unref: assertion 'G_IS_OBJECT (object)' failed
Apr 20 23:01:08 shreeram systemd[2218]: Starting GNOME FreeDesktop screensaver service...
Apr 20 23:01:08 shreeram systemd-logind[848]: Session c1 logged out. Waiting for processes to exit.
Apr 20 23:01:08 shreeram gnome-session-binary[2328]: Entering running state
Apr 20 23:01:08 shreeram gnome-session[2328]: gnome-session-binary[2328]: GnomeDesktop-WARNING: Could not create transient scope for PID 2584: Timeout was reached
Apr 20 23:01:08 shreeram gnome-session-binary[2328]: GnomeDesktop-WARNING: Could not create transient scope for PID 2584: Timeout was reached
Apr 20 23:01:09 shreeram systemd[2218]: Starting GNOME file sharing service...
Apr 20 23:01:09 shreeram systemd[2218]: Starting GNOME smartcard service...
Apr 20 23:01:09 shreeram systemd[2218]: Starting GNOME sound sample caching service...
Apr 20 23:01:09 shreeram systemd[1]: session-c1.scope: Deactivated successfully.
Apr 20 23:01:09 shreeram systemd[1]: session-c1.scope: Consumed 8.889s CPU time.
Apr 20 23:01:09 shreeram systemd-logind[848]: Removed session c1.
Apr 20 23:01:09 shreeram systemd[2218]: Starting GNOME subscription management service...
Apr 20 23:01:09 shreeram NetworkManager[1014]: <info>  [1745170269.7481] agent-manager: agent[a52ba6ab6edaa594,:1.69/org.gnome.Shell.NetworkAgent/1000]: agent registered
Apr 20 23:01:09 shreeram systemd[2218]: Starting GNOME USB protection service...
Apr 20 23:01:09 shreeram gnome-shell[2363]: Error looking up permission: GDBus.Error:org.freedesktop.portal.Error.NotFound: No entry for geolocation
Apr 20 23:01:09 shreeram gnome-session[2328]: gnome-session-binary[2328]: GnomeDesktop-WARNING: Could not create transient scope for PID 2624: Timeout was reached
Apr 20 23:01:09 shreeram gnome-session[2328]: gnome-session-binary[2328]: GnomeDesktop-WARNING: Could not create transient scope for PID 2626: Timeout was reached
Apr 20 23:01:09 shreeram gnome-session[2328]: gnome-session-binary[2328]: GnomeDesktop-WARNING: Could not create transient scope for PID 2630: Timeout was reached
Apr 20 23:01:09 shreeram gnome-session[2328]: gnome-session-binary[2328]: GnomeDesktop-WARNING: Could not create transient scope for PID 2634: Timeout was reached
Apr 20 23:01:09 shreeram gnome-session[2328]: gnome-session-binary[2328]: GnomeDesktop-WARNING: Could not create transient scope for PID 2640: Timeout was reached
Apr 20 23:01:09 shreeram gnome-session[2328]: gnome-session-binary[2328]: GnomeDesktop-WARNING: Could not create transient scope for PID 2642: Timeout was reached
Apr 20 23:01:09 shreeram gnome-session[2328]: gnome-session-binary[2328]: GnomeDesktop-WARNING: Could not create transient scope for PID 2650: Timeout was reached
Apr 20 23:01:09 shreeram gnome-session-binary[2328]: GnomeDesktop-WARNING: Could not create transient scope for PID 2624: Timeout was reached
Apr 20 23:01:09 shreeram gnome-session-binary[2328]: GnomeDesktop-WARNING: Could not create transient scope for PID 2626: Timeout was reached
Apr 20 23:01:09 shreeram gnome-session-binary[2328]: GnomeDesktop-WARNING: Could not create transient scope for PID 2630: Timeout was reached
Apr 20 23:01:09 shreeram gnome-session-binary[2328]: GnomeDesktop-WARNING: Could not create transient scope for PID 2634: Timeout was reached
Apr 20 23:01:09 shreeram gnome-session-binary[2328]: GnomeDesktop-WARNING: Could not create transient scope for PID 2640: Timeout was reached
Apr 20 23:01:09 shreeram gnome-session-binary[2328]: GnomeDesktop-WARNING: Could not create transient scope for PID 2642: Timeout was reached
Apr 20 23:01:09 shreeram gnome-session-binary[2328]: GnomeDesktop-WARNING: Could not create transient scope for PID 2650: Timeout was reached
Apr 20 23:01:09 shreeram systemd[2218]: Starting GNOME Wacom tablet support service...
Apr 20 23:01:10 shreeram cupsd[1041]: REQUEST localhost - - "POST / HTTP/1.1" 200 363 Create-Printer-Subscriptions successful-ok
Apr 20 23:01:10 shreeram systemd[2218]: Finished Signal initialization done to GNOME Session Manager.
Apr 20 23:01:10 shreeram systemd[2218]: Started GNOME accessibility service.
Apr 20 23:01:11 shreeram systemd[2218]: Started GNOME maintenance of expirable data service.
Apr 20 23:01:11 shreeram systemd[2218]: Started GNOME RFKill support service.
Apr 20 23:01:11 shreeram systemd[2218]: Started GNOME FreeDesktop screensaver service.
Apr 20 23:01:11 shreeram systemd[2218]: Started GNOME date & time service.
Apr 20 23:01:11 shreeram systemd[2218]: Started GNOME file sharing service.
Apr 20 23:01:11 shreeram systemd[2218]: Started GNOME printer notifications service.
Apr 20 23:01:11 shreeram systemd[2218]: Started GNOME sound sample caching service.
Apr 20 23:01:11 shreeram systemd[2218]: Started GNOME USB protection service.
Apr 20 23:01:11 shreeram systemd[2218]: Started GNOME smartcard service.
Apr 20 23:01:11 shreeram systemd[2218]: Started Application launched by gnome-session-binary.
Apr 20 23:01:11 shreeram systemd[2218]: Started Application launched by gnome-session-binary.
Apr 20 23:01:11 shreeram geoclue[1610]: Service not used for 60 seconds. Shutting down..
Apr 20 23:01:11 shreeram systemd[1]: geoclue.service: Deactivated successfully.
Apr 20 23:01:11 shreeram systemd[2218]: Started Application launched by gnome-session-binary.
Apr 20 23:01:11 shreeram systemd[2218]: Started Application launched by gnome-session-binary.
Apr 20 23:01:11 shreeram systemd[2218]: Created slice Slice /app/dbus-:1.2-org.gnome.ScreenSaver.
Apr 20 23:01:11 shreeram systemd[2218]: Reached target GNOME accessibility target.
Apr 20 23:01:11 shreeram systemd[2218]: Reached target GNOME date & time target.
Apr 20 23:01:11 shreeram systemd[2218]: Reached target GNOME maintenance of expirable data target.
Apr 20 23:01:11 shreeram systemd[2218]: Reached target GNOME printer notifications target.
Apr 20 23:01:11 shreeram systemd[2218]: Reached target GNOME RFKill support target.
Apr 20 23:01:11 shreeram systemd[2218]: Reached target GNOME FreeDesktop screensaver target.
Apr 20 23:01:11 shreeram systemd[2218]: Reached target GNOME file sharing target.
Apr 20 23:01:11 shreeram systemd[2218]: Reached target GNOME smartcard target.
Apr 20 23:01:11 shreeram systemd[2218]: Reached target GNOME sound sample caching target.
Apr 20 23:01:11 shreeram systemd[2218]: Reached target GNOME USB protection target.
Apr 20 23:01:11 shreeram systemd[2218]: Started dbus-:1.2-org.gnome.ScreenSaver@0.service.
Apr 20 23:01:12 shreeram gnome-shell[2363]: GDBus.Error:org.freedesktop.DBus.Error.NoReply: Remote peer disconnected
Apr 20 23:01:12 shreeram gsd-usb-protect[2724]: Failed to fetch USBGuard parameters: GDBus.Error:org.freedesktop.DBus.Error.ServiceUnknown: The name is not activatable
Apr 20 23:01:14 shreeram systemd[2218]: Started GNOME keyboard configuration service.
Apr 20 23:01:14 shreeram systemd[2218]: Reached target GNOME keyboard configuration target.
Apr 20 23:01:14 shreeram systemd[1]: Starting RHSM dbus service...
Apr 20 23:01:14 shreeram systemd[2218]: Started GNOME color management service.
Apr 20 23:01:14 shreeram systemd[2218]: Reached target GNOME color management target.
Apr 20 23:01:14 shreeram systemd[2218]: Started GNOME power management service.
Apr 20 23:01:14 shreeram systemd[2218]: Reached target GNOME power management target.
Apr 20 23:01:14 shreeram systemd[1]: Starting Locale Service...
Apr 20 23:01:14 shreeram systemd[2218]: Started GNOME keyboard shortcuts service.
Apr 20 23:01:14 shreeram systemd[2218]: Reached target GNOME keyboard shortcuts target.
Apr 20 23:01:14 shreeram systemd[2218]: Created slice Slice /app/dbus-:1.2-org.gnome.Shell.Screencast.
Apr 20 23:01:14 shreeram systemd[2218]: Started dbus-:1.2-org.gnome.Shell.Screencast@0.service.
Apr 20 23:01:14 shreeram systemd[1]: Started Locale Service.
Apr 20 23:01:14 shreeram systemd[2218]: Started GNOME Wacom tablet support service.
Apr 20 23:01:14 shreeram systemd[2218]: Reached target GNOME Wacom tablet support target.
Apr 20 23:01:15 shreeram systemd[1]: Starting Firmware update daemon...
Apr 20 23:01:15 shreeram systemd[1]: Started RHSM dbus service.
Apr 20 23:01:16 shreeram gsd-color[2579]: failed to get edid: unable to get EDID for output
Apr 20 23:01:16 shreeram gsd-media-keys[2621]: Failed to grab accelerator for keybinding settings:playback-repeat
Apr 20 23:01:16 shreeram gsd-media-keys[2621]: Failed to grab accelerator for keybinding settings:hibernate
Apr 20 23:01:16 shreeram rhsm-service[2877]: INFO [subscription_manager.i18n:169] Could not import locale for C.UTF-8: [Errno 2] No translation file found for domain: 'rhsm'
Apr 20 23:01:16 shreeram rhsm-service[2877]: INFO [subscription_manager.i18n:139] Could not import locale either for C.UTF-8_C.UTF-8: [Errno 2] No translation file found for domain: 'rhsm'
Apr 20 23:01:16 shreeram systemd[2218]: Reached target GNOME session X11 services.
Apr 20 23:01:16 shreeram rhsm-service[2877]: INFO [subscription_manager.i18n:169] Could not import locale for C.UTF-8: [Errno 2] No translation file found for domain: 'rhsm'
Apr 20 23:01:16 shreeram rhsm-service[2877]: INFO [subscription_manager.i18n:139] Could not import locale either for C.UTF-8_C.UTF-8: [Errno 2] No translation file found for domain: 'rhsm'
Apr 20 23:01:16 shreeram systemd[2218]: Starting GNOME XSettings service...
Apr 20 23:01:16 shreeram rhsm-service[2877]: INFO [subscription_manager.i18n:169] Could not import locale for C.UTF-8: [Errno 2] No translation file found for domain: 'rhsm'
Apr 20 23:01:16 shreeram rhsm-service[2877]: INFO [subscription_manager.i18n:139] Could not import locale either for C.UTF-8_C.UTF-8: [Errno 2] No translation file found for domain: 'rhsm'
Apr 20 23:01:16 shreeram rhsm-service[2877]: INFO [subscription_manager.i18n:169] Could not import locale for C.UTF-8: [Errno 2] No translation file found for domain: 'rhsm'
Apr 20 23:01:16 shreeram rhsm-service[2877]: INFO [subscription_manager.i18n:139] Could not import locale either for C.UTF-8_C.UTF-8: [Errno 2] No translation file found for domain: 'rhsm'
Apr 20 23:01:16 shreeram gsd-color[2579]: unable to get EDID for xrandr-Virtual-1: unable to get EDID for output
Apr 20 23:01:16 shreeram gnome-shell[2915]: The XKEYBOARD keymap compiler (xkbcomp) reports:
Apr 20 23:01:16 shreeram gnome-shell[2915]: > Warning:          Unsupported maximum keycode 708, clipping.
Apr 20 23:01:16 shreeram gnome-shell[2915]: >                   X11 cannot support keycodes above 255.
Apr 20 23:01:16 shreeram ibus-daemon[2417]: GChildWatchSource: Exit status of a child process was requested but ECHILD was received by waitpid(). See the documentation of g_child_watch_source_new() for possible causes.
Apr 20 23:01:16 shreeram ibus-daemon[2417]: GChildWatchSource: Exit status of a child process was requested but ECHILD was received by waitpid(). See the documentation of g_child_watch_source_new() for possible causes.
Apr 20 23:01:16 shreeram gnome-shell[2915]: Errors from xkbcomp are not fatal to the X server
Apr 20 23:01:17 shreeram systemd[2218]: Started dbus-:1.2-org.freedesktop.portal.IBus@1.service.
Apr 20 23:01:17 shreeram systemd[2218]: Started GNOME subscription management service.
Apr 20 23:01:17 shreeram systemd[2218]: Reached target GNOME subscription management target.
Apr 20 23:01:17 shreeram fwupd[2908]: 17:31:17.946 FuMain               Daemon ready for requests (locale en_IN.UTF-8)
Apr 20 23:01:17 shreeram systemd[1]: Started Firmware update daemon.
Apr 20 23:01:18 shreeram gnome-software[2650]: plugin fwupd took 2.2 seconds to do setup
Apr 20 23:01:18 shreeram gnome-software[2650]: enabled plugins: appstream, fwupd, os-release, packagekit-refresh, flatpak, hardcoded-blocklist, hardcoded-popular, modalias, packagekit, rewrite-resource, provenance, repos, systemd-updates, generic-updates, packagekit-refine-repos, provenance-license, icons
Apr 20 23:01:18 shreeram gnome-software[2650]: disabled plugins: dummy, fedora-langpacks, fedora-pkgdb-collections
Apr 20 23:01:18 shreeram gnome-shell[2363]: GNOME Shell started at Sun Apr 20 2025 23:01:05 GMT+0530 (India Standard Time)
Apr 20 23:01:18 shreeram gnome-shell[2363]: Registering session with GDM
Apr 20 23:01:18 shreeram systemd[1]: realmd.service: Deactivated successfully.
Apr 20 23:01:19 shreeram systemd[1]: Stopping User Manager for UID 42...
Apr 20 23:01:19 shreeram systemd[2218]: Started GNOME XSettings service.
Apr 20 23:01:19 shreeram systemd[2218]: Reached target GNOME session X11 services.
Apr 20 23:01:19 shreeram systemd[2218]: Reached target GNOME Session.
Apr 20 23:01:19 shreeram systemd[2218]: Reached target GNOME Wayland Session (session: gnome).
Apr 20 23:01:19 shreeram systemd[2218]: Reached target Current graphical user session.
Apr 20 23:01:19 shreeram systemd[2218]: GNOME Initial Setup was skipped because of an unmet condition check (ConditionPathExists=!/home/narotam/.config/gnome-initial-setup-done).
Apr 20 23:01:19 shreeram systemd[1156]: Activating special unit Exit the Session...
Apr 20 23:01:19 shreeram systemd[1156]: Stopped target Main User Target.
Apr 20 23:01:19 shreeram systemd[1156]: Stopping PipeWire PulseAudio...
Apr 20 23:01:19 shreeram systemd[1156]: Stopped PipeWire PulseAudio.
Apr 20 23:01:19 shreeram wireplumber[1587]: stopped by signal: Terminated
Apr 20 23:01:19 shreeram wireplumber[1587]: disconnected from pipewire
Apr 20 23:01:19 shreeram systemd[1156]: Stopping Multimedia Service Session Manager...
Apr 20 23:01:19 shreeram gnome-shell[2363]: ATK Bridge is disabled but a11y has already been enabled.
Apr 20 23:01:19 shreeram systemd[1156]: Stopped Multimedia Service Session Manager.
Apr 20 23:01:19 shreeram systemd[1156]: Stopping PipeWire Multimedia Service...
Apr 20 23:01:19 shreeram systemd[1156]: Stopped PipeWire Multimedia Service.
Apr 20 23:01:19 shreeram systemd[1156]: Removed slice User Core Session Slice.
Apr 20 23:01:19 shreeram systemd[1156]: Stopped target Basic System.
Apr 20 23:01:19 shreeram systemd[1156]: Stopped target Paths.
Apr 20 23:01:19 shreeram systemd[1156]: Stopped target Sockets.
Apr 20 23:01:20 shreeram systemd[1156]: Stopped target Timers.
Apr 20 23:01:20 shreeram systemd[1156]: Stopped Daily Cleanup of User's Temporary Directories.
Apr 20 23:01:20 shreeram systemd[1156]: Closed PipeWire PulseAudio.
Apr 20 23:01:20 shreeram systemd[1156]: Closed PipeWire Multimedia System Socket.
Apr 20 23:01:20 shreeram dbus-broker[1289]: Dispatched 290 messages @ 10(±45)μs / message.
Apr 20 23:01:20 shreeram systemd[1156]: Stopping D-Bus User Message Bus...
Apr 20 23:01:20 shreeram systemd[1156]: Stopped Create User's Volatile Files and Directories.
Apr 20 23:01:20 shreeram systemd[1156]: Stopped D-Bus User Message Bus.
Apr 20 23:01:20 shreeram systemd[1156]: Closed D-Bus User Message Bus Socket.
Apr 20 23:01:20 shreeram systemd[1156]: Removed slice User Application Slice.
Apr 20 23:01:20 shreeram systemd[1156]: Reached target Shutdown.
Apr 20 23:01:20 shreeram systemd[1156]: Finished Exit the Session.
Apr 20 23:01:20 shreeram systemd[1156]: Reached target Exit the Session.
Apr 20 23:01:20 shreeram systemd[1]: user@42.service: Deactivated successfully.
Apr 20 23:01:20 shreeram systemd[1]: Stopped User Manager for UID 42.
Apr 20 23:01:20 shreeram systemd[1]: user@42.service: Consumed 1.049s CPU time.
Apr 20 23:01:20 shreeram systemd[1]: Stopping User Runtime Directory /run/user/42...
Apr 20 23:01:20 shreeram systemd[1]: run-user-42.mount: Deactivated successfully.
Apr 20 23:01:20 shreeram systemd[1]: user-runtime-dir@42.service: Deactivated successfully.
Apr 20 23:01:20 shreeram systemd[1]: Stopped User Runtime Directory /run/user/42.
Apr 20 23:01:20 shreeram systemd[1]: Removed slice User Slice of UID 42.
Apr 20 23:01:20 shreeram systemd[1]: user-42.slice: Consumed 9.994s CPU time.
Apr 20 23:01:20 shreeram PackageKit[1655]: uid 1000 is trying to obtain org.freedesktop.packagekit.system-sources-refresh auth (only_trusted:0)
Apr 20 23:01:20 shreeram PackageKit[1655]: uid 1000 obtained auth for org.freedesktop.packagekit.system-sources-refresh
Apr 20 23:01:21 shreeram systemd[1]: fprintd.service: Deactivated successfully.
Apr 20 23:01:21 shreeram vmtoolsd[2638]: gtk_disable_setlocale() must be called before gtk_init()
Apr 20 23:01:21 shreeram kernel: input: VMware DnD UInput pointer as /devices/virtual/input/input7
Apr 20 23:01:22 shreeram systemd[2218]: Started Application launched by gnome-shell.
Apr 20 23:01:23 shreeram packagekitd[1655]: g_path_get_basename: assertion 'file_name != NULL' failed
Apr 20 23:01:23 shreeram systemd[2218]: Created slice Slice /app/org.gnome.Terminal.
Apr 20 23:01:23 shreeram systemd[2218]: Starting GNOME Terminal Server...
Apr 20 23:01:24 shreeram systemd[2218]: Started GNOME Terminal Server.
Apr 20 23:01:25 shreeram systemd[2218]: Started VTE child process 3070 launched by gnome-terminal-server process 3052.
Apr 20 23:01:28 shreeram gnome-software[2650]: Only 0 apps for recent list, hiding
Apr 20 23:01:30 shreeram packagekitd[1655]: Skipping refresh of media: Cannot update read-only repo
Apr 20 23:01:32 shreeram packagekitd[1655]: Skipping refresh of media: Cannot update read-only repo
Apr 20 23:01:32 shreeram gnome-software[2650]: Only 1 apps for popular list, hiding
Apr 20 23:01:33 shreeram packagekitd[1655]: Skipping refresh of media: Cannot update read-only repo
Apr 20 23:01:33 shreeram gnome-software[2650]: failed to get featured apps: no apps to show
Apr 20 23:01:34 shreeram packagekitd[1655]: Skipping refresh of media: Cannot update read-only repo
Apr 20 23:01:35 shreeram su[3129]: (to root) root on pts/0
Apr 20 23:01:38 shreeram su[3155]: (to root) root on pts/0
Apr 20 23:01:39 shreeram gsd-media-keys[2621]: Failed to create proxy for screencast: Error calling StartServiceByName for org.gnome.Shell.Screencast: Timeout was reached
Apr 20 23:01:44 shreeram systemd[1]: systemd-localed.service: Deactivated successfully.
Apr 20 23:02:06 shreeram systemd[2218]: Starting Virtual filesystem metadata service...
Apr 20 23:02:06 shreeram systemd[2218]: Started Virtual filesystem metadata service.
Apr 20 23:02:08 shreeram systemd[1]: systemd-hostnamed.service: Deactivated successfully.
Apr 20 23:02:20 shreeram PackageKit[1655]: uid 1000 is trying to obtain org.freedesktop.packagekit.system-sources-refresh auth (only_trusted:0)
Apr 20 23:02:20 shreeram PackageKit[1655]: uid 1000 obtained auth for org.freedesktop.packagekit.system-sources-refresh
Apr 20 23:02:22 shreeram packagekitd[1655]: Skipping refresh of media: Cannot update read-only repo
Apr 20 23:02:38 shreeram gnome-shell[2363]: Source ID 1888 was not found when attempting to remove it
Apr 20 23:03:05 shreeram gnome-shell[2363]: Source ID 3988 was not found when attempting to remove it
Apr 20 23:03:13 shreeram systemd[2218]: Starting Mark boot as successful...
Apr 20 23:03:13 shreeram systemd[2218]: Finished Mark boot as successful.
Apr 20 23:03:52 shreeram gnome-shell[2363]: Source ID 5056 was not found when attempting to remove it
Apr 20 23:06:13 shreeram systemd[2218]: Created slice User Background Tasks Slice.
Apr 20 23:06:13 shreeram systemd[2218]: Starting Cleanup of User's Temporary Files and Directories...
Apr 20 23:06:13 shreeram systemd[2218]: Finished Cleanup of User's Temporary Files and Directories.
Apr 20 23:08:53 shreeram rtkit-daemon[845]: The canary thread is apparently starving. Taking action.
Apr 20 23:10:37 shreeram rtkit-daemon[845]: Demoting known real-time threads.
Apr 20 23:10:37 shreeram rtkit-daemon[845]: Successfully demoted thread 2489 of process 2470 (/usr/bin/pipewire-pulse).
Apr 20 23:10:37 shreeram rtkit-daemon[845]: Successfully demoted thread 2470 of process 2470 (/usr/bin/pipewire-pulse).
Apr 20 23:10:37 shreeram rtkit-daemon[845]: Successfully demoted thread 2484 of process 2469 (/usr/bin/wireplumber).
Apr 20 23:10:37 shreeram rtkit-daemon[845]: Successfully demoted thread 2469 of process 2469 (/usr/bin/wireplumber).
Apr 20 23:10:37 shreeram rtkit-daemon[845]: Successfully demoted thread 2481 of process 2467 (/usr/bin/pipewire).
Apr 20 23:10:37 shreeram rtkit-daemon[845]: Successfully demoted thread 2467 of process 2467 (/usr/bin/pipewire).
Apr 20 23:10:37 shreeram rtkit-daemon[845]: Demoted 6 threads.
Apr 20 23:10:37 shreeram chronyd[878]: Can't synchronise: no majority
Apr 20 23:10:37 shreeram chronyd[878]: Selected source 157.245.102.2 (2.rhel.pool.ntp.org)
Apr 20 23:10:37 shreeram chronyd[878]: System clock wrong by -2.065611 seconds
Apr 20 23:12:22 shreeram rsyslogd[1106]: [origin software="rsyslogd" swVersion="8.2102.0-117.el9" x-pid="1106" x-info="https://www.rsyslog.com"] rsyslogd was HUPed
Apr 20 23:16:02 shreeram chronyd[878]: Selected source 192.46.210.39 (2.rhel.pool.ntp.org)
Apr 20 23:16:28 shreeram systemd[1]: Starting Cleanup of Temporary Directories...
Apr 20 23:16:28 shreeram systemd[1]: systemd-tmpfiles-clean.service: Deactivated successfully.
Apr 20 23:16:28 shreeram systemd[1]: Finished Cleanup of Temporary Directories.
Apr 20 23:16:28 shreeram systemd[1]: run-credentials-systemd\x2dtmpfiles\x2dclean.service.mount: Deactivated successfully.
Apr 20 23:16:46 shreeram NetworkManager[1014]: <info>  [1745171206.1632] dhcp4 (ens160): state changed new lease, address=192.168.73.133
Apr 20 23:16:46 shreeram systemd[1]: Starting Network Manager Script Dispatcher Service...
Apr 20 23:16:46 shreeram systemd[1]: Started Network Manager Script Dispatcher Service.
Apr 20 23:16:56 shreeram systemd[1]: NetworkManager-dispatcher.service: Deactivated successfully.
Apr 20 23:17:07 shreeram chronyd[878]: Selected source 157.245.102.2 (2.rhel.pool.ntp.org)
Apr 20 23:24:28 shreeram systemd[1]: Starting dnf makecache...
Apr 20 23:24:29 shreeram dnf[3233]: Updating Subscription Management repositories.
Apr 20 23:24:29 shreeram dnf[3233]: Unable to read consumer identity
Apr 20 23:24:29 shreeram dnf[3233]: This system is not registered with an entitlement server. You can use subscription-manager to register.
Apr 20 23:24:29 shreeram dnf[3233]: AppStream                                       2.8 MB/s | 3.2 kB     00:00
Apr 20 23:24:29 shreeram dnf[3233]: BaseOS                                          2.7 MB/s | 2.7 kB     00:00
Apr 20 23:24:30 shreeram dnf[3233]: Metadata cache created.
Apr 20 23:24:30 shreeram systemd[1]: dnf-makecache.service: Deactivated successfully.
Apr 20 23:24:30 shreeram systemd[1]: Finished dnf makecache.
Apr 20 23:24:30 shreeram systemd[1]: dnf-makecache.service: Consumed 1.028s CPU time.
Apr 20 23:24:37 shreeram gsd-color[2579]: unable to get EDID for xrandr-Virtual-1: unable to get EDID for output
Apr 20 23:24:48 shreeram systemd[1]: Starting Fingerprint Authentication Daemon...
Apr 20 23:24:48 shreeram systemd[1]: Started Fingerprint Authentication Daemon.
Apr 20 23:24:59 shreeram NetworkManager[1014]: <info>  [1745171699.9638] agent-manager: agent[91c00f944b84d229,:1.69/org.gnome.Shell.NetworkAgent/1000]: agent registered
Apr 20 23:25:19 shreeram systemd[1]: fprintd.service: Deactivated successfully.
Apr 25 03:09:49 shreeram kernel: The list of certified hardware and cloud instances for Red Hat Enterprise Linux 9 can be viewed at the Red Hat Ecosystem Catalog, https://catalog.redhat.com.
Apr 25 03:09:49 shreeram kernel: Command line: BOOT_IMAGE=(hd0,msdos1)/vmlinuz-5.14.0-362.8.1.el9_3.x86_64 root=/dev/mapper/rhel-root ro crashkernel=1G-4G:192M,4G-64G:256M,64G-:512M resume=/dev/mapper/rhel-swap rd.lvm.lv=rhel/root rd.lvm.lv=rhel/swap rhgb quiet
Apr 25 03:09:49 shreeram kernel: x86/fpu: Supporting XSAVE feature 0x001: 'x87 floating point registers'
Apr 25 03:09:49 shreeram kernel: x86/fpu: Supporting XSAVE feature 0x002: 'SSE registers'
Apr 25 03:09:49 shreeram kernel: x86/fpu: Supporting XSAVE feature 0x004: 'AVX registers'
Apr 25 03:09:49 shreeram kernel: x86/fpu: xstate_offset[2]:  576, xstate_sizes[2]:  256
Apr 25 03:09:49 shreeram kernel: x86/fpu: Enabled xstate features 0x7, context size is 832 bytes, using 'compacted' format.
Apr 25 03:09:49 shreeram kernel: signal: max sigframe size: 1776
Apr 25 03:09:49 shreeram kernel: BIOS-provided physical RAM map:
Apr 25 03:09:49 shreeram kernel: BIOS-e820: [mem 0x0000000000000000-0x0000000000097bff] usable
Apr 25 03:09:49 shreeram kernel: BIOS-e820: [mem 0x0000000000097c00-0x000000000009ffff] reserved
Apr 25 03:09:49 shreeram kernel: BIOS-e820: [mem 0x00000000000ce000-0x00000000000cffff] reserved
Apr 25 03:09:49 shreeram kernel: BIOS-e820: [mem 0x00000000000dc000-0x00000000000fffff] reserved
Apr 25 03:09:49 shreeram kernel: BIOS-e820: [mem 0x0000000000100000-0x000000007fedffff] usable
Apr 25 03:09:49 shreeram kernel: BIOS-e820: [mem 0x000000007fee0000-0x000000007fefefff] ACPI data
Apr 25 03:09:49 shreeram kernel: BIOS-e820: [mem 0x000000007feff000-0x000000007fefffff] ACPI NVS
Apr 25 03:09:49 shreeram kernel: BIOS-e820: [mem 0x000000007ff00000-0x000000007fffffff] usable
Apr 25 03:09:49 shreeram kernel: BIOS-e820: [mem 0x00000000f0000000-0x00000000f7ffffff] reserved
Apr 25 03:09:49 shreeram kernel: BIOS-e820: [mem 0x00000000fec00000-0x00000000fec0ffff] reserved
Apr 25 03:09:49 shreeram kernel: BIOS-e820: [mem 0x00000000fee00000-0x00000000fee00fff] reserved
Apr 25 03:09:49 shreeram kernel: BIOS-e820: [mem 0x00000000fffe0000-0x00000000ffffffff] reserved
Apr 25 03:09:49 shreeram kernel: NX (Execute Disable) protection: active
Apr 25 03:09:49 shreeram kernel: SMBIOS 2.7 present.
Apr 25 03:09:49 shreeram kernel: DMI: VMware, Inc. VMware Virtual Platform/440BX Desktop Reference Platform, BIOS 6.00 11/12/2020
Apr 25 03:09:49 shreeram kernel: vmware: hypercall mode: 0x02
Apr 25 03:09:49 shreeram kernel: Hypervisor detected: VMware
Apr 25 03:09:49 shreeram kernel: vmware: TSC freq read from hypervisor : 2496.000 MHz
Apr 25 03:09:49 shreeram kernel: vmware: Host bus clock speed read from hypervisor : 66000000 Hz
Apr 25 03:09:49 shreeram kernel: vmware: using clock offset of 5107555792 ns
Apr 25 03:09:49 shreeram kernel: tsc: Detected 2496.000 MHz processor
Apr 25 03:09:49 shreeram kernel: last_pfn = 0x80000 max_arch_pfn = 0x400000000
Apr 25 03:09:49 shreeram kernel: x86/PAT: Configuration [0-7]: WB  WC  UC- UC  WB  WP  UC- WT  
Apr 25 03:09:49 shreeram kernel: total RAM covered: 3072M
Apr 25 03:09:49 shreeram kernel: Found optimal setting for mtrr clean up
Apr 25 03:09:49 shreeram kernel: gran_size: 64K #011chunk_size: 64K #011num_reg: 2  #011lose cover RAM: 0G
Apr 25 03:09:49 shreeram kernel: found SMP MP-table at [mem 0x000f6a70-0x000f6a7f]
Apr 25 03:09:49 shreeram kernel: Using GB pages for direct mapping
Apr 25 03:09:49 shreeram kernel: Incomplete global flushes, disabling PCID
Apr 25 03:09:49 shreeram kernel: RAMDISK: [mem 0x30f79000-0x347b4fff]
Apr 25 03:09:49 shreeram kernel: ACPI: Early table checksum verification disabled
Apr 25 03:09:49 shreeram kernel: ACPI: RSDP 0x00000000000F6A00 000024 (v02 PTLTD )
Apr 25 03:09:49 shreeram kernel: ACPI: XSDT 0x000000007FEE965B 00005C (v01 INTEL  440BX    06040000 VMW  01324272)
Apr 25 03:09:49 shreeram kernel: ACPI: FACP 0x000000007FEFEE73 0000F4 (v04 INTEL  440BX    06040000 PTL  000F4240)
Apr 25 03:09:49 shreeram kernel: ACPI: DSDT 0x000000007FEEAD55 01411E (v01 PTLTD  Custom   06040000 MSFT 03000001)
Apr 25 03:09:49 shreeram kernel: ACPI: FACS 0x000000007FEFFFC0 000040
Apr 25 03:09:49 shreeram kernel: ACPI: FACS 0x000000007FEFFFC0 000040
Apr 25 03:09:49 shreeram kernel: ACPI: BOOT 0x000000007FEEAD2D 000028 (v01 PTLTD  $SBFTBL$ 06040000  LTP 00000001)
Apr 25 03:09:49 shreeram kernel: ACPI: APIC 0x000000007FEEA5EB 000742 (v01 PTLTD  ? APIC   06040000  LTP 00000000)
Apr 25 03:09:49 shreeram kernel: ACPI: MCFG 0x000000007FEEA5AF 00003C (v01 PTLTD  $PCITBL$ 06040000  LTP 00000001)
Apr 25 03:09:49 shreeram kernel: ACPI: SRAT 0x000000007FEE9757 0008A8 (v02 VMWARE MEMPLUG  06040000 VMW  00000001)
Apr 25 03:09:49 shreeram kernel: ACPI: HPET 0x000000007FEE971F 000038 (v01 VMWARE VMW HPET 06040000 VMW  00000001)
Apr 25 03:09:49 shreeram kernel: ACPI: WAET 0x000000007FEE96F7 000028 (v01 VMWARE VMW WAET 06040000 VMW  00000001)
Apr 25 03:09:49 shreeram kernel: ACPI: Reserving FACP table memory at [mem 0x7fefee73-0x7fefef66]
Apr 25 03:09:49 shreeram kernel: ACPI: Reserving DSDT table memory at [mem 0x7feead55-0x7fefee72]
Apr 25 03:09:49 shreeram kernel: ACPI: Reserving FACS table memory at [mem 0x7fefffc0-0x7fefffff]
Apr 25 03:09:49 shreeram kernel: ACPI: Reserving FACS table memory at [mem 0x7fefffc0-0x7fefffff]
Apr 25 03:09:49 shreeram kernel: ACPI: Reserving BOOT table memory at [mem 0x7feead2d-0x7feead54]
Apr 25 03:09:49 shreeram kernel: ACPI: Reserving APIC table memory at [mem 0x7feea5eb-0x7feead2c]
Apr 25 03:09:49 shreeram kernel: ACPI: Reserving MCFG table memory at [mem 0x7feea5af-0x7feea5ea]
Apr 25 03:09:49 shreeram kernel: ACPI: Reserving SRAT table memory at [mem 0x7fee9757-0x7fee9ffe]
Apr 25 03:09:49 shreeram kernel: ACPI: Reserving HPET table memory at [mem 0x7fee971f-0x7fee9756]
Apr 25 03:09:49 shreeram kernel: ACPI: Reserving WAET table memory at [mem 0x7fee96f7-0x7fee971e]
Apr 25 03:09:49 shreeram kernel: Setting APIC routing to physical flat.
Apr 25 03:09:49 shreeram kernel: SRAT: PXM 0 -> APIC 0x00 -> Node 0
Apr 25 03:09:49 shreeram kernel: SRAT: PXM 0 -> APIC 0x02 -> Node 0
Apr 25 03:09:49 shreeram kernel: SRAT: PXM 0 -> APIC 0x04 -> Node 0
Apr 25 03:09:49 shreeram kernel: SRAT: PXM 0 -> APIC 0x06 -> Node 0
Apr 25 03:09:49 shreeram kernel: SRAT: PXM 0 -> APIC 0x08 -> Node 0
Apr 25 03:09:49 shreeram kernel: SRAT: PXM 0 -> APIC 0x0a -> Node 0
Apr 25 03:09:49 shreeram kernel: SRAT: PXM 0 -> APIC 0x0c -> Node 0
Apr 25 03:09:49 shreeram kernel: SRAT: PXM 0 -> APIC 0x0e -> Node 0
Apr 25 03:09:49 shreeram kernel: SRAT: PXM 0 -> APIC 0x10 -> Node 0
Apr 25 03:09:49 shreeram kernel: SRAT: PXM 0 -> APIC 0x12 -> Node 0
Apr 25 03:09:49 shreeram kernel: SRAT: PXM 0 -> APIC 0x14 -> Node 0
Apr 25 03:09:49 shreeram kernel: SRAT: PXM 0 -> APIC 0x16 -> Node 0
Apr 25 03:09:49 shreeram kernel: SRAT: PXM 0 -> APIC 0x18 -> Node 0
Apr 25 03:09:49 shreeram kernel: SRAT: PXM 0 -> APIC 0x1a -> Node 0
Apr 25 03:09:49 shreeram kernel: SRAT: PXM 0 -> APIC 0x1c -> Node 0
Apr 25 03:09:49 shreeram kernel: SRAT: PXM 0 -> APIC 0x1e -> Node 0
Apr 25 03:09:49 shreeram kernel: SRAT: PXM 0 -> APIC 0x20 -> Node 0
Apr 25 03:09:49 shreeram kernel: SRAT: PXM 0 -> APIC 0x22 -> Node 0
Apr 25 03:09:49 shreeram kernel: SRAT: PXM 0 -> APIC 0x24 -> Node 0
Apr 25 03:09:49 shreeram kernel: SRAT: PXM 0 -> APIC 0x26 -> Node 0
Apr 25 03:09:49 shreeram kernel: SRAT: PXM 0 -> APIC 0x28 -> Node 0
Apr 25 03:09:49 shreeram kernel: SRAT: PXM 0 -> APIC 0x2a -> Node 0
Apr 25 03:09:49 shreeram kernel: SRAT: PXM 0 -> APIC 0x2c -> Node 0
Apr 25 03:09:49 shreeram kernel: SRAT: PXM 0 -> APIC 0x2e -> Node 0
Apr 25 03:09:49 shreeram kernel: SRAT: PXM 0 -> APIC 0x30 -> Node 0
Apr 25 03:09:49 shreeram kernel: SRAT: PXM 0 -> APIC 0x32 -> Node 0
Apr 25 03:09:49 shreeram kernel: SRAT: PXM 0 -> APIC 0x34 -> Node 0
Apr 25 03:09:49 shreeram kernel: SRAT: PXM 0 -> APIC 0x36 -> Node 0
Apr 25 03:09:49 shreeram kernel: SRAT: PXM 0 -> APIC 0x38 -> Node 0
Apr 25 03:09:49 shreeram kernel: SRAT: PXM 0 -> APIC 0x3a -> Node 0
Apr 25 03:09:49 shreeram kernel: SRAT: PXM 0 -> APIC 0x3c -> Node 0
Apr 25 03:09:49 shreeram kernel: SRAT: PXM 0 -> APIC 0x3e -> Node 0
Apr 25 03:09:49 shreeram kernel: SRAT: PXM 0 -> APIC 0x40 -> Node 0
Apr 25 03:09:49 shreeram kernel: SRAT: PXM 0 -> APIC 0x42 -> Node 0
Apr 25 03:09:49 shreeram kernel: SRAT: PXM 0 -> APIC 0x44 -> Node 0
Apr 25 03:09:49 shreeram kernel: SRAT: PXM 0 -> APIC 0x46 -> Node 0
Apr 25 03:09:49 shreeram kernel: SRAT: PXM 0 -> APIC 0x48 -> Node 0
Apr 25 03:09:49 shreeram kernel: SRAT: PXM 0 -> APIC 0x4a -> Node 0
Apr 25 03:09:49 shreeram kernel: SRAT: PXM 0 -> APIC 0x4c -> Node 0
Apr 25 03:09:49 shreeram kernel: SRAT: PXM 0 -> APIC 0x4e -> Node 0
Apr 25 03:09:49 shreeram kernel: SRAT: PXM 0 -> APIC 0x50 -> Node 0
Apr 25 03:09:49 shreeram kernel: SRAT: PXM 0 -> APIC 0x52 -> Node 0
Apr 25 03:09:49 shreeram kernel: SRAT: PXM 0 -> APIC 0x54 -> Node 0
Apr 25 03:09:49 shreeram kernel: SRAT: PXM 0 -> APIC 0x56 -> Node 0
Apr 25 03:09:49 shreeram kernel: SRAT: PXM 0 -> APIC 0x58 -> Node 0
Apr 25 03:09:49 shreeram kernel: SRAT: PXM 0 -> APIC 0x5a -> Node 0
Apr 25 03:09:49 shreeram kernel: SRAT: PXM 0 -> APIC 0x5c -> Node 0
Apr 25 03:09:49 shreeram kernel: SRAT: PXM 0 -> APIC 0x5e -> Node 0
Apr 25 03:09:49 shreeram kernel: SRAT: PXM 0 -> APIC 0x60 -> Node 0
Apr 25 03:09:49 shreeram kernel: SRAT: PXM 0 -> APIC 0x62 -> Node 0
Apr 25 03:09:49 shreeram kernel: SRAT: PXM 0 -> APIC 0x64 -> Node 0
Apr 25 03:09:49 shreeram kernel: SRAT: PXM 0 -> APIC 0x66 -> Node 0
Apr 25 03:09:49 shreeram kernel: SRAT: PXM 0 -> APIC 0x68 -> Node 0
Apr 25 03:09:49 shreeram kernel: SRAT: PXM 0 -> APIC 0x6a -> Node 0
Apr 25 03:09:49 shreeram kernel: SRAT: PXM 0 -> APIC 0x6c -> Node 0
Apr 25 03:09:49 shreeram kernel: SRAT: PXM 0 -> APIC 0x6e -> Node 0
Apr 25 03:09:49 shreeram kernel: SRAT: PXM 0 -> APIC 0x70 -> Node 0
Apr 25 03:09:49 shreeram kernel: SRAT: PXM 0 -> APIC 0x72 -> Node 0
Apr 25 03:09:49 shreeram kernel: SRAT: PXM 0 -> APIC 0x74 -> Node 0
Apr 25 03:09:49 shreeram kernel: SRAT: PXM 0 -> APIC 0x76 -> Node 0
Apr 25 03:09:49 shreeram kernel: SRAT: PXM 0 -> APIC 0x78 -> Node 0
Apr 25 03:09:49 shreeram kernel: SRAT: PXM 0 -> APIC 0x7a -> Node 0
Apr 25 03:09:49 shreeram kernel: SRAT: PXM 0 -> APIC 0x7c -> Node 0
Apr 25 03:09:49 shreeram kernel: SRAT: PXM 0 -> APIC 0x7e -> Node 0
Apr 25 03:09:49 shreeram kernel: SRAT: PXM 0 -> APIC 0x80 -> Node 0
Apr 25 03:09:49 shreeram kernel: SRAT: PXM 0 -> APIC 0x82 -> Node 0
Apr 25 03:09:49 shreeram kernel: SRAT: PXM 0 -> APIC 0x84 -> Node 0
Apr 25 03:09:49 shreeram kernel: SRAT: PXM 0 -> APIC 0x86 -> Node 0
Apr 25 03:09:49 shreeram kernel: SRAT: PXM 0 -> APIC 0x88 -> Node 0
Apr 25 03:09:49 shreeram kernel: SRAT: PXM 0 -> APIC 0x8a -> Node 0
Apr 25 03:09:49 shreeram kernel: SRAT: PXM 0 -> APIC 0x8c -> Node 0
Apr 25 03:09:49 shreeram kernel: SRAT: PXM 0 -> APIC 0x8e -> Node 0
Apr 25 03:09:49 shreeram kernel: SRAT: PXM 0 -> APIC 0x90 -> Node 0
Apr 25 03:09:49 shreeram kernel: SRAT: PXM 0 -> APIC 0x92 -> Node 0
Apr 25 03:09:49 shreeram kernel: SRAT: PXM 0 -> APIC 0x94 -> Node 0
Apr 25 03:09:49 shreeram kernel: SRAT: PXM 0 -> APIC 0x96 -> Node 0
Apr 25 03:09:49 shreeram kernel: SRAT: PXM 0 -> APIC 0x98 -> Node 0
Apr 25 03:09:49 shreeram kernel: SRAT: PXM 0 -> APIC 0x9a -> Node 0
Apr 25 03:09:49 shreeram kernel: SRAT: PXM 0 -> APIC 0x9c -> Node 0
Apr 25 03:09:49 shreeram kernel: SRAT: PXM 0 -> APIC 0x9e -> Node 0
Apr 25 03:09:49 shreeram kernel: SRAT: PXM 0 -> APIC 0xa0 -> Node 0
Apr 25 03:09:49 shreeram kernel: SRAT: PXM 0 -> APIC 0xa2 -> Node 0
Apr 25 03:09:49 shreeram kernel: SRAT: PXM 0 -> APIC 0xa4 -> Node 0
Apr 25 03:09:49 shreeram kernel: SRAT: PXM 0 -> APIC 0xa6 -> Node 0
Apr 25 03:09:49 shreeram kernel: SRAT: PXM 0 -> APIC 0xa8 -> Node 0
Apr 25 03:09:49 shreeram kernel: SRAT: PXM 0 -> APIC 0xaa -> Node 0
Apr 25 03:09:49 shreeram kernel: SRAT: PXM 0 -> APIC 0xac -> Node 0
Apr 25 03:09:49 shreeram kernel: SRAT: PXM 0 -> APIC 0xae -> Node 0
Apr 25 03:09:49 shreeram kernel: SRAT: PXM 0 -> APIC 0xb0 -> Node 0
Apr 25 03:09:49 shreeram kernel: SRAT: PXM 0 -> APIC 0xb2 -> Node 0
Apr 25 03:09:49 shreeram kernel: SRAT: PXM 0 -> APIC 0xb4 -> Node 0
Apr 25 03:09:49 shreeram kernel: SRAT: PXM 0 -> APIC 0xb6 -> Node 0
Apr 25 03:09:49 shreeram kernel: SRAT: PXM 0 -> APIC 0xb8 -> Node 0
Apr 25 03:09:49 shreeram kernel: SRAT: PXM 0 -> APIC 0xba -> Node 0
Apr 25 03:09:49 shreeram kernel: SRAT: PXM 0 -> APIC 0xbc -> Node 0
Apr 25 03:09:49 shreeram kernel: SRAT: PXM 0 -> APIC 0xbe -> Node 0
Apr 25 03:09:49 shreeram kernel: SRAT: PXM 0 -> APIC 0xc0 -> Node 0
Apr 25 03:09:49 shreeram kernel: SRAT: PXM 0 -> APIC 0xc2 -> Node 0
Apr 25 03:09:49 shreeram kernel: SRAT: PXM 0 -> APIC 0xc4 -> Node 0
Apr 25 03:09:49 shreeram kernel: SRAT: PXM 0 -> APIC 0xc6 -> Node 0
Apr 25 03:09:49 shreeram kernel: SRAT: PXM 0 -> APIC 0xc8 -> Node 0
Apr 25 03:09:49 shreeram kernel: SRAT: PXM 0 -> APIC 0xca -> Node 0
Apr 25 03:09:49 shreeram kernel: SRAT: PXM 0 -> APIC 0xcc -> Node 0
Apr 25 03:09:49 shreeram kernel: SRAT: PXM 0 -> APIC 0xce -> Node 0
Apr 25 03:09:49 shreeram kernel: SRAT: PXM 0 -> APIC 0xd0 -> Node 0
Apr 25 03:09:49 shreeram kernel: SRAT: PXM 0 -> APIC 0xd2 -> Node 0
Apr 25 03:09:49 shreeram kernel: SRAT: PXM 0 -> APIC 0xd4 -> Node 0
Apr 25 03:09:49 shreeram kernel: SRAT: PXM 0 -> APIC 0xd6 -> Node 0
Apr 25 03:09:49 shreeram kernel: SRAT: PXM 0 -> APIC 0xd8 -> Node 0
Apr 25 03:09:49 shreeram kernel: SRAT: PXM 0 -> APIC 0xda -> Node 0
Apr 25 03:09:49 shreeram kernel: SRAT: PXM 0 -> APIC 0xdc -> Node 0
Apr 25 03:09:49 shreeram kernel: SRAT: PXM 0 -> APIC 0xde -> Node 0
Apr 25 03:09:49 shreeram kernel: SRAT: PXM 0 -> APIC 0xe0 -> Node 0
Apr 25 03:09:49 shreeram kernel: SRAT: PXM 0 -> APIC 0xe2 -> Node 0
Apr 25 03:09:49 shreeram kernel: SRAT: PXM 0 -> APIC 0xe4 -> Node 0
Apr 25 03:09:49 shreeram kernel: SRAT: PXM 0 -> APIC 0xe6 -> Node 0
Apr 25 03:09:49 shreeram kernel: SRAT: PXM 0 -> APIC 0xe8 -> Node 0
Apr 25 03:09:49 shreeram kernel: SRAT: PXM 0 -> APIC 0xea -> Node 0
Apr 25 03:09:49 shreeram kernel: SRAT: PXM 0 -> APIC 0xec -> Node 0
Apr 25 03:09:49 shreeram kernel: SRAT: PXM 0 -> APIC 0xee -> Node 0
Apr 25 03:09:49 shreeram kernel: SRAT: PXM 0 -> APIC 0xf0 -> Node 0
Apr 25 03:09:49 shreeram kernel: SRAT: PXM 0 -> APIC 0xf2 -> Node 0
Apr 25 03:09:49 shreeram kernel: SRAT: PXM 0 -> APIC 0xf4 -> Node 0
Apr 25 03:09:49 shreeram kernel: SRAT: PXM 0 -> APIC 0xf6 -> Node 0
Apr 25 03:09:49 shreeram kernel: SRAT: PXM 0 -> APIC 0xf8 -> Node 0
Apr 25 03:09:49 shreeram kernel: SRAT: PXM 0 -> APIC 0xfa -> Node 0
Apr 25 03:09:49 shreeram kernel: SRAT: PXM 0 -> APIC 0xfc -> Node 0
Apr 25 03:09:49 shreeram kernel: SRAT: PXM 0 -> APIC 0xfe -> Node 0
Apr 25 03:09:49 shreeram kernel: ACPI: SRAT: Node 0 PXM 0 [mem 0x00000000-0x0009ffff]
Apr 25 03:09:49 shreeram kernel: ACPI: SRAT: Node 0 PXM 0 [mem 0x00100000-0x7fffffff]
Apr 25 03:09:49 shreeram kernel: ACPI: SRAT: Node 0 PXM 0 [mem 0x80000000-0xbfffffff] hotplug
Apr 25 03:09:49 shreeram kernel: NUMA: Node 0 [mem 0x00000000-0x0009ffff] + [mem 0x00100000-0x7fffffff] -> [mem 0x00000000-0x7fffffff]
Apr 25 03:09:49 shreeram kernel: NODE_DATA(0) allocated [mem 0x7ffd5000-0x7fffffff]
Apr 25 03:09:49 shreeram kernel: Reserving 192MB of memory at 1840MB for crashkernel (System RAM: 2047MB)
Apr 25 03:09:49 shreeram kernel: Zone ranges:
Apr 25 03:09:49 shreeram kernel:  DMA      [mem 0x0000000000001000-0x0000000000ffffff]
Apr 25 03:09:49 shreeram kernel:  DMA32    [mem 0x0000000001000000-0x000000007fffffff]
Apr 25 03:09:49 shreeram kernel:  Normal   empty
Apr 25 03:09:49 shreeram kernel:  Device   empty
Apr 25 03:09:49 shreeram kernel: Movable zone start for each node
Apr 25 03:09:49 shreeram kernel: Early memory node ranges
Apr 25 03:09:49 shreeram kernel:  node   0: [mem 0x0000000000001000-0x0000000000096fff]
Apr 25 03:09:49 shreeram kernel:  node   0: [mem 0x0000000000100000-0x000000007fedffff]
Apr 25 03:09:49 shreeram kernel:  node   0: [mem 0x000000007ff00000-0x000000007fffffff]
Apr 25 03:09:49 shreeram kernel: Initmem setup node 0 [mem 0x0000000000001000-0x000000007fffffff]
Apr 25 03:09:49 shreeram kernel: On node 0, zone DMA: 1 pages in unavailable ranges
Apr 25 03:09:49 shreeram kernel: On node 0, zone DMA: 105 pages in unavailable ranges
Apr 25 03:09:49 shreeram kernel: On node 0, zone DMA32: 32 pages in unavailable ranges
Apr 25 03:09:49 shreeram kernel: ACPI: PM-Timer IO Port: 0x1008
Apr 25 03:09:49 shreeram kernel: ACPI: LAPIC_NMI (acpi_id[0x00] high edge lint[0x1])
Apr 25 03:09:49 shreeram kernel: ACPI: LAPIC_NMI (acpi_id[0x01] high edge lint[0x1])
Apr 25 03:09:49 shreeram kernel: ACPI: LAPIC_NMI (acpi_id[0x02] high edge lint[0x1])
Apr 25 03:09:49 shreeram kernel: ACPI: LAPIC_NMI (acpi_id[0x03] high edge lint[0x1])
Apr 25 03:09:49 shreeram kernel: ACPI: LAPIC_NMI (acpi_id[0x04] high edge lint[0x1])
Apr 25 03:09:49 shreeram kernel: ACPI: LAPIC_NMI (acpi_id[0x05] high edge lint[0x1])
Apr 25 03:09:49 shreeram kernel: ACPI: LAPIC_NMI (acpi_id[0x06] high edge lint[0x1])
Apr 25 03:09:49 shreeram kernel: ACPI: LAPIC_NMI (acpi_id[0x07] high edge lint[0x1])
Apr 25 03:09:49 shreeram kernel: ACPI: LAPIC_NMI (acpi_id[0x08] high edge lint[0x1])
Apr 25 03:09:49 shreeram kernel: ACPI: LAPIC_NMI (acpi_id[0x09] high edge lint[0x1])
Apr 25 03:09:49 shreeram kernel: ACPI: LAPIC_NMI (acpi_id[0x0a] high edge lint[0x1])
Apr 25 03:09:49 shreeram kernel: ACPI: LAPIC_NMI (acpi_id[0x0b] high edge lint[0x1])
Apr 25 03:09:49 shreeram kernel: ACPI: LAPIC_NMI (acpi_id[0x0c] high edge lint[0x1])
Apr 25 03:09:49 shreeram kernel: ACPI: LAPIC_NMI (acpi_id[0x0d] high edge lint[0x1])
Apr 25 03:09:49 shreeram kernel: ACPI: LAPIC_NMI (acpi_id[0x0e] high edge lint[0x1])
Apr 25 03:09:49 shreeram kernel: ACPI: LAPIC_NMI (acpi_id[0x0f] high edge lint[0x1])
Apr 25 03:09:49 shreeram kernel: ACPI: LAPIC_NMI (acpi_id[0x10] high edge lint[0x1])
Apr 25 03:09:49 shreeram kernel: ACPI: LAPIC_NMI (acpi_id[0x11] high edge lint[0x1])
Apr 25 03:09:49 shreeram kernel: ACPI: LAPIC_NMI (acpi_id[0x12] high edge lint[0x1])
Apr 25 03:09:49 shreeram kernel: ACPI: LAPIC_NMI (acpi_id[0x13] high edge lint[0x1])
Apr 25 03:09:49 shreeram kernel: ACPI: LAPIC_NMI (acpi_id[0x14] high edge lint[0x1])
Apr 25 03:09:49 shreeram kernel: ACPI: LAPIC_NMI (acpi_id[0x15] high edge lint[0x1])
Apr 25 03:09:49 shreeram kernel: ACPI: LAPIC_NMI (acpi_id[0x16] high edge lint[0x1])
Apr 25 03:09:49 shreeram kernel: ACPI: LAPIC_NMI (acpi_id[0x17] high edge lint[0x1])
Apr 25 03:09:49 shreeram kernel: ACPI: LAPIC_NMI (acpi_id[0x18] high edge lint[0x1])
Apr 25 03:09:49 shreeram kernel: ACPI: LAPIC_NMI (acpi_id[0x19] high edge lint[0x1])
Apr 25 03:09:49 shreeram kernel: ACPI: LAPIC_NMI (acpi_id[0x1a] high edge lint[0x1])
Apr 25 03:09:49 shreeram kernel: ACPI: LAPIC_NMI (acpi_id[0x1b] high edge lint[0x1])
Apr 25 03:09:49 shreeram kernel: ACPI: LAPIC_NMI (acpi_id[0x1c] high edge lint[0x1])
Apr 25 03:09:49 shreeram kernel: ACPI: LAPIC_NMI (acpi_id[0x1d] high edge lint[0x1])
Apr 25 03:09:49 shreeram kernel: ACPI: LAPIC_NMI (acpi_id[0x1e] high edge lint[0x1])
Apr 25 03:09:49 shreeram kernel: ACPI: LAPIC_NMI (acpi_id[0x1f] high edge lint[0x1])
Apr 25 03:09:49 shreeram kernel: ACPI: LAPIC_NMI (acpi_id[0x20] high edge lint[0x1])
Apr 25 03:09:49 shreeram kernel: ACPI: LAPIC_NMI (acpi_id[0x21] high edge lint[0x1])
Apr 25 03:09:49 shreeram kernel: ACPI: LAPIC_NMI (acpi_id[0x22] high edge lint[0x1])
Apr 25 03:09:49 shreeram kernel: ACPI: LAPIC_NMI (acpi_id[0x23] high edge lint[0x1])
Apr 25 03:09:49 shreeram kernel: ACPI: LAPIC_NMI (acpi_id[0x24] high edge lint[0x1])
Apr 25 03:09:49 shreeram kernel: ACPI: LAPIC_NMI (acpi_id[0x25] high edge lint[0x1])
Apr 25 03:09:49 shreeram kernel: ACPI: LAPIC_NMI (acpi_id[0x26] high edge lint[0x1])
Apr 25 03:09:49 shreeram kernel: ACPI: LAPIC_NMI (acpi_id[0x27] high edge lint[0x1])
Apr 25 03:09:49 shreeram kernel: ACPI: LAPIC_NMI (acpi_id[0x28] high edge lint[0x1])
Apr 25 03:09:49 shreeram kernel: ACPI: LAPIC_NMI (acpi_id[0x29] high edge lint[0x1])
Apr 25 03:09:49 shreeram kernel: ACPI: LAPIC_NMI (acpi_id[0x2a] high edge lint[0x1])
Apr 25 03:09:49 shreeram kernel: ACPI: LAPIC_NMI (acpi_id[0x2b] high edge lint[0x1])
Apr 25 03:09:49 shreeram kernel: ACPI: LAPIC_NMI (acpi_id[0x2c] high edge lint[0x1])
Apr 25 03:09:49 shreeram kernel: ACPI: LAPIC_NMI (acpi_id[0x2d] high edge lint[0x1])
Apr 25 03:09:49 shreeram kernel: ACPI: LAPIC_NMI (acpi_id[0x2e] high edge lint[0x1])
Apr 25 03:09:49 shreeram kernel: ACPI: LAPIC_NMI (acpi_id[0x2f] high edge lint[0x1])
Apr 25 03:09:49 shreeram kernel: ACPI: LAPIC_NMI (acpi_id[0x30] high edge lint[0x1])
Apr 25 03:09:49 shreeram kernel: ACPI: LAPIC_NMI (acpi_id[0x31] high edge lint[0x1])
Apr 25 03:09:49 shreeram kernel: ACPI: LAPIC_NMI (acpi_id[0x32] high edge lint[0x1])
Apr 25 03:09:49 shreeram kernel: ACPI: LAPIC_NMI (acpi_id[0x33] high edge lint[0x1])
Apr 25 03:09:49 shreeram kernel: ACPI: LAPIC_NMI (acpi_id[0x34] high edge lint[0x1])
Apr 25 03:09:49 shreeram kernel: ACPI: LAPIC_NMI (acpi_id[0x35] high edge lint[0x1])
Apr 25 03:09:49 shreeram kernel: ACPI: LAPIC_NMI (acpi_id[0x36] high edge lint[0x1])
Apr 25 03:09:49 shreeram kernel: ACPI: LAPIC_NMI (acpi_id[0x37] high edge lint[0x1])
Apr 25 03:09:49 shreeram kernel: ACPI: LAPIC_NMI (acpi_id[0x38] high edge lint[0x1])
Apr 25 03:09:49 shreeram kernel: ACPI: LAPIC_NMI (acpi_id[0x39] high edge lint[0x1])
Apr 25 03:09:49 shreeram kernel: ACPI: LAPIC_NMI (acpi_id[0x3a] high edge lint[0x1])
Apr 25 03:09:49 shreeram kernel: ACPI: LAPIC_NMI (acpi_id[0x3b] high edge lint[0x1])
Apr 25 03:09:49 shreeram kernel: ACPI: LAPIC_NMI (acpi_id[0x3c] high edge lint[0x1])
Apr 25 03:09:49 shreeram kernel: ACPI: LAPIC_NMI (acpi_id[0x3d] high edge lint[0x1])
Apr 25 03:09:49 shreeram kernel: ACPI: LAPIC_NMI (acpi_id[0x3e] high edge lint[0x1])
Apr 25 03:09:49 shreeram kernel: ACPI: LAPIC_NMI (acpi_id[0x3f] high edge lint[0x1])
Apr 25 03:09:49 shreeram kernel: ACPI: LAPIC_NMI (acpi_id[0x40] high edge lint[0x1])
Apr 25 03:09:49 shreeram kernel: ACPI: LAPIC_NMI (acpi_id[0x41] high edge lint[0x1])
Apr 25 03:09:49 shreeram kernel: ACPI: LAPIC_NMI (acpi_id[0x42] high edge lint[0x1])
Apr 25 03:09:49 shreeram kernel: ACPI: LAPIC_NMI (acpi_id[0x43] high edge lint[0x1])
Apr 25 03:09:49 shreeram kernel: ACPI: LAPIC_NMI (acpi_id[0x44] high edge lint[0x1])
Apr 25 03:09:49 shreeram kernel: ACPI: LAPIC_NMI (acpi_id[0x45] high edge lint[0x1])
Apr 25 03:09:49 shreeram kernel: ACPI: LAPIC_NMI (acpi_id[0x46] high edge lint[0x1])
Apr 25 03:09:49 shreeram kernel: ACPI: LAPIC_NMI (acpi_id[0x47] high edge lint[0x1])
Apr 25 03:09:49 shreeram kernel: ACPI: LAPIC_NMI (acpi_id[0x48] high edge lint[0x1])
Apr 25 03:09:49 shreeram kernel: ACPI: LAPIC_NMI (acpi_id[0x49] high edge lint[0x1])
Apr 25 03:09:49 shreeram kernel: ACPI: LAPIC_NMI (acpi_id[0x4a] high edge lint[0x1])
Apr 25 03:09:49 shreeram kernel: ACPI: LAPIC_NMI (acpi_id[0x4b] high edge lint[0x1])
Apr 25 03:09:49 shreeram kernel: ACPI: LAPIC_NMI (acpi_id[0x4c] high edge lint[0x1])
Apr 25 03:09:49 shreeram kernel: ACPI: LAPIC_NMI (acpi_id[0x4d] high edge lint[0x1])
Apr 25 03:09:49 shreeram kernel: ACPI: LAPIC_NMI (acpi_id[0x4e] high edge lint[0x1])
Apr 25 03:09:49 shreeram kernel: ACPI: LAPIC_NMI (acpi_id[0x4f] high edge lint[0x1])
Apr 25 03:09:49 shreeram kernel: ACPI: LAPIC_NMI (acpi_id[0x50] high edge lint[0x1])
Apr 25 03:09:49 shreeram kernel: ACPI: LAPIC_NMI (acpi_id[0x51] high edge lint[0x1])
Apr 25 03:09:49 shreeram kernel: ACPI: LAPIC_NMI (acpi_id[0x52] high edge lint[0x1])
Apr 25 03:09:49 shreeram kernel: ACPI: LAPIC_NMI (acpi_id[0x53] high edge lint[0x1])
Apr 25 03:09:49 shreeram kernel: ACPI: LAPIC_NMI (acpi_id[0x54] high edge lint[0x1])
Apr 25 03:09:49 shreeram kernel: ACPI: LAPIC_NMI (acpi_id[0x55] high edge lint[0x1])
Apr 25 03:09:49 shreeram kernel: ACPI: LAPIC_NMI (acpi_id[0x56] high edge lint[0x1])
Apr 25 03:09:49 shreeram kernel: ACPI: LAPIC_NMI (acpi_id[0x57] high edge lint[0x1])
Apr 25 03:09:49 shreeram kernel: ACPI: LAPIC_NMI (acpi_id[0x58] high edge lint[0x1])
Apr 25 03:09:49 shreeram kernel: ACPI: LAPIC_NMI (acpi_id[0x59] high edge lint[0x1])
Apr 25 03:09:49 shreeram kernel: ACPI: LAPIC_NMI (acpi_id[0x5a] high edge lint[0x1])
Apr 25 03:09:49 shreeram kernel: ACPI: LAPIC_NMI (acpi_id[0x5b] high edge lint[0x1])
Apr 25 03:09:49 shreeram kernel: ACPI: LAPIC_NMI (acpi_id[0x5c] high edge lint[0x1])
Apr 25 03:09:49 shreeram kernel: ACPI: LAPIC_NMI (acpi_id[0x5d] high edge lint[0x1])
Apr 25 03:09:49 shreeram kernel: ACPI: LAPIC_NMI (acpi_id[0x5e] high edge lint[0x1])
Apr 25 03:09:49 shreeram kernel: ACPI: LAPIC_NMI (acpi_id[0x5f] high edge lint[0x1])
Apr 25 03:09:49 shreeram kernel: ACPI: LAPIC_NMI (acpi_id[0x60] high edge lint[0x1])
Apr 25 03:09:49 shreeram kernel: ACPI: LAPIC_NMI (acpi_id[0x61] high edge lint[0x1])
Apr 25 03:09:49 shreeram kernel: ACPI: LAPIC_NMI (acpi_id[0x62] high edge lint[0x1])
Apr 25 03:09:49 shreeram kernel: ACPI: LAPIC_NMI (acpi_id[0x63] high edge lint[0x1])
Apr 25 03:09:49 shreeram kernel: ACPI: LAPIC_NMI (acpi_id[0x64] high edge lint[0x1])
Apr 25 03:09:49 shreeram kernel: ACPI: LAPIC_NMI (acpi_id[0x65] high edge lint[0x1])
Apr 25 03:09:49 shreeram kernel: ACPI: LAPIC_NMI (acpi_id[0x66] high edge lint[0x1])
Apr 25 03:09:49 shreeram kernel: ACPI: LAPIC_NMI (acpi_id[0x67] high edge lint[0x1])
Apr 25 03:09:49 shreeram kernel: ACPI: LAPIC_NMI (acpi_id[0x68] high edge lint[0x1])
Apr 25 03:09:49 shreeram kernel: ACPI: LAPIC_NMI (acpi_id[0x69] high edge lint[0x1])
Apr 25 03:09:49 shreeram kernel: ACPI: LAPIC_NMI (acpi_id[0x6a] high edge lint[0x1])
Apr 25 03:09:49 shreeram kernel: ACPI: LAPIC_NMI (acpi_id[0x6b] high edge lint[0x1])
Apr 25 03:09:49 shreeram kernel: ACPI: LAPIC_NMI (acpi_id[0x6c] high edge lint[0x1])
Apr 25 03:09:49 shreeram kernel: ACPI: LAPIC_NMI (acpi_id[0x6d] high edge lint[0x1])
Apr 25 03:09:49 shreeram kernel: ACPI: LAPIC_NMI (acpi_id[0x6e] high edge lint[0x1])
Apr 25 03:09:49 shreeram kernel: ACPI: LAPIC_NMI (acpi_id[0x6f] high edge lint[0x1])
Apr 25 03:09:49 shreeram kernel: ACPI: LAPIC_NMI (acpi_id[0x70] high edge lint[0x1])
Apr 25 03:09:49 shreeram kernel: ACPI: LAPIC_NMI (acpi_id[0x71] high edge lint[0x1])
Apr 25 03:09:49 shreeram kernel: ACPI: LAPIC_NMI (acpi_id[0x72] high edge lint[0x1])
Apr 25 03:09:49 shreeram kernel: ACPI: LAPIC_NMI (acpi_id[0x73] high edge lint[0x1])
Apr 25 03:09:49 shreeram kernel: ACPI: LAPIC_NMI (acpi_id[0x74] high edge lint[0x1])
Apr 25 03:09:49 shreeram kernel: ACPI: LAPIC_NMI (acpi_id[0x75] high edge lint[0x1])
Apr 25 03:09:49 shreeram kernel: ACPI: LAPIC_NMI (acpi_id[0x76] high edge lint[0x1])
Apr 25 03:09:49 shreeram kernel: ACPI: LAPIC_NMI (acpi_id[0x77] high edge lint[0x1])
Apr 25 03:09:49 shreeram kernel: ACPI: LAPIC_NMI (acpi_id[0x78] high edge lint[0x1])
Apr 25 03:09:49 shreeram kernel: ACPI: LAPIC_NMI (acpi_id[0x79] high edge lint[0x1])
Apr 25 03:09:49 shreeram kernel: ACPI: LAPIC_NMI (acpi_id[0x7a] high edge lint[0x1])
Apr 25 03:09:49 shreeram kernel: ACPI: LAPIC_NMI (acpi_id[0x7b] high edge lint[0x1])
Apr 25 03:09:49 shreeram kernel: ACPI: LAPIC_NMI (acpi_id[0x7c] high edge lint[0x1])
Apr 25 03:09:49 shreeram kernel: ACPI: LAPIC_NMI (acpi_id[0x7d] high edge lint[0x1])
Apr 25 03:09:49 shreeram kernel: ACPI: LAPIC_NMI (acpi_id[0x7e] high edge lint[0x1])
Apr 25 03:09:49 shreeram kernel: ACPI: LAPIC_NMI (acpi_id[0x7f] high edge lint[0x1])
Apr 25 03:09:49 shreeram kernel: IOAPIC[0]: apic_id 1, version 32, address 0xfec00000, GSI 0-23
Apr 25 03:09:49 shreeram kernel: ACPI: INT_SRC_OVR (bus 0 bus_irq 0 global_irq 2 high edge)
Apr 25 03:09:49 shreeram kernel: ACPI: Using ACPI (MADT) for SMP configuration information
Apr 25 03:09:49 shreeram kernel: ACPI: HPET id: 0x8086af01 base: 0xfed00000
Apr 25 03:09:49 shreeram kernel: smpboot: Allowing 128 CPUs, 127 hotplug CPUs
Apr 25 03:09:49 shreeram kernel: PM: hibernation: Registered nosave memory: [mem 0x00000000-0x00000fff]
Apr 25 03:09:49 shreeram kernel: PM: hibernation: Registered nosave memory: [mem 0x00097000-0x00097fff]
Apr 25 03:09:49 shreeram kernel: PM: hibernation: Registered nosave memory: [mem 0x00098000-0x0009ffff]
Apr 25 03:09:49 shreeram kernel: PM: hibernation: Registered nosave memory: [mem 0x000a0000-0x000cdfff]
Apr 25 03:09:49 shreeram kernel: PM: hibernation: Registered nosave memory: [mem 0x000ce000-0x000cffff]
Apr 25 03:09:49 shreeram kernel: PM: hibernation: Registered nosave memory: [mem 0x000d0000-0x000dbfff]
Apr 25 03:09:49 shreeram kernel: PM: hibernation: Registered nosave memory: [mem 0x000dc000-0x000fffff]
Apr 25 03:09:49 shreeram kernel: PM: hibernation: Registered nosave memory: [mem 0x7fee0000-0x7fefefff]
Apr 25 03:09:49 shreeram kernel: PM: hibernation: Registered nosave memory: [mem 0x7feff000-0x7fefffff]
Apr 25 03:09:49 shreeram kernel: [mem 0x80000000-0xefffffff] available for PCI devices
Apr 25 03:09:49 shreeram kernel: Booting paravirtualized kernel on VMware hypervisor
Apr 25 03:09:49 shreeram kernel: clocksource: refined-jiffies: mask: 0xffffffff max_cycles: 0xffffffff, max_idle_ns: 1910969940391419 ns
Apr 25 03:09:49 shreeram kernel: setup_percpu: NR_CPUS:8192 nr_cpumask_bits:128 nr_cpu_ids:128 nr_node_ids:1
Apr 25 03:09:49 shreeram kernel: percpu: Embedded 62 pages/cpu s217088 r8192 d28672 u262144
Apr 25 03:09:49 shreeram kernel: Fallback order for Node 0: 0 
Apr 25 03:09:49 shreeram kernel: Built 1 zonelists, mobility grouping on.  Total pages: 515808
Apr 25 03:09:49 shreeram kernel: Policy zone: DMA32
Apr 25 03:09:49 shreeram kernel: Kernel command line: BOOT_IMAGE=(hd0,msdos1)/vmlinuz-5.14.0-362.8.1.el9_3.x86_64 root=/dev/mapper/rhel-root ro crashkernel=1G-4G:192M,4G-64G:256M,64G-:512M resume=/dev/mapper/rhel-swap rd.lvm.lv=rhel/root rd.lvm.lv=rhel/swap rhgb quiet
Apr 25 03:09:49 shreeram kernel: Unknown kernel command line parameters "rhgb BOOT_IMAGE=(hd0,msdos1)/vmlinuz-5.14.0-362.8.1.el9_3.x86_64", will be passed to user space.
Apr 25 03:09:49 shreeram kernel: Dentry cache hash table entries: 262144 (order: 9, 2097152 bytes, linear)
Apr 25 03:09:49 shreeram kernel: Inode-cache hash table entries: 131072 (order: 8, 1048576 bytes, linear)
Apr 25 03:09:49 shreeram kernel: mem auto-init: stack:off, heap alloc:off, heap free:off
Apr 25 03:09:49 shreeram kernel: Memory: 260860K/2096600K available (16384K kernel code, 5596K rwdata, 11440K rodata, 3824K init, 18424K bss, 387220K reserved, 0K cma-reserved)
Apr 25 03:09:49 shreeram kernel: random: get_random_u64 called from kmem_cache_open+0x1e/0x310 with crng_init=0
Apr 25 03:09:49 shreeram kernel: SLUB: HWalign=64, Order=0-3, MinObjects=0, CPUs=128, Nodes=1
Apr 25 03:09:49 shreeram kernel: Kernel/User page tables isolation: enabled
Apr 25 03:09:49 shreeram kernel: ftrace: allocating 46193 entries in 181 pages
Apr 25 03:09:49 shreeram kernel: ftrace: allocated 181 pages with 5 groups
Apr 25 03:09:49 shreeram kernel: Dynamic Preempt: voluntary
Apr 25 03:09:49 shreeram kernel: rcu: Preemptible hierarchical RCU implementation.
Apr 25 03:09:49 shreeram kernel: rcu: #011RCU restricting CPUs from NR_CPUS=8192 to nr_cpu_ids=128.
Apr 25 03:09:49 shreeram kernel: #011Trampoline variant of Tasks RCU enabled.
Apr 25 03:09:49 shreeram kernel: #011Rude variant of Tasks RCU enabled.
Apr 25 03:09:49 shreeram kernel: #011Tracing variant of Tasks RCU enabled.
Apr 25 03:09:49 shreeram kernel: rcu: RCU calculated value of scheduler-enlistment delay is 100 jiffies.
Apr 25 03:09:49 shreeram kernel: rcu: Adjusting geometry for rcu_fanout_leaf=16, nr_cpu_ids=128
Apr 25 03:09:49 shreeram kernel: NR_IRQS: 524544, nr_irqs: 1448, preallocated irqs: 16
Apr 25 03:09:49 shreeram kernel: rcu: srcu_init: Setting srcu_struct sizes to big.
Apr 25 03:09:49 shreeram kernel: kfence: initialized - using 2097152 bytes for 255 objects at 0x(____ptrval____)-0x(____ptrval____)
Apr 25 03:09:49 shreeram kernel: random: crng init done
Apr 25 03:09:49 shreeram kernel: Console: colour VGA+ 80x25
Apr 25 03:09:49 shreeram kernel: printk: console [tty0] enabled
Apr 25 03:09:49 shreeram kernel: ACPI: Core revision 20221020
Apr 25 03:09:49 shreeram kernel: clocksource: hpet: mask: 0xffffffff max_cycles: 0xffffffff, max_idle_ns: 133484882848 ns
Apr 25 03:09:49 shreeram kernel: APIC: Switch to symmetric I/O mode setup
Apr 25 03:09:49 shreeram kernel: x2apic enabled
Apr 25 03:09:49 shreeram kernel: Switched APIC routing to physical x2apic.
Apr 25 03:09:49 shreeram kernel: ..TIMER: vector=0x30 apic1=0 pin1=2 apic2=-1 pin2=-1
Apr 25 03:09:49 shreeram kernel: clocksource: tsc-early: mask: 0xffffffffffffffff max_cycles: 0x23fa772cf26, max_idle_ns: 440795269835 ns
Apr 25 03:09:49 shreeram kernel: Calibrating delay loop (skipped) preset value.. 4992.00 BogoMIPS (lpj=2496000)
Apr 25 03:09:49 shreeram kernel: pid_max: default: 131072 minimum: 1024
Apr 25 03:09:49 shreeram kernel: LSM: initializing lsm=lockdown,capability,yama,integrity,selinux,bpf
Apr 25 03:09:49 shreeram kernel: Yama: becoming mindful.
Apr 25 03:09:49 shreeram kernel: SELinux:  Initializing.
Apr 25 03:09:49 shreeram kernel: LSM support for eBPF active
Apr 25 03:09:49 shreeram kernel: Mount-cache hash table entries: 4096 (order: 3, 32768 bytes, linear)
Apr 25 03:09:49 shreeram kernel: Mountpoint-cache hash table entries: 4096 (order: 3, 32768 bytes, linear)
Apr 25 03:09:49 shreeram kernel: x86/cpu: User Mode Instruction Prevention (UMIP) activated
Apr 25 03:09:49 shreeram kernel: Last level iTLB entries: 4KB 0, 2MB 0, 4MB 0
Apr 25 03:09:49 shreeram kernel: Last level dTLB entries: 4KB 0, 2MB 0, 4MB 0, 1GB 0
Apr 25 03:09:49 shreeram kernel: Spectre V1 : Mitigation: usercopy/swapgs barriers and __user pointer sanitization
Apr 25 03:09:49 shreeram kernel: Spectre V2 : Mitigation: IBRS
Apr 25 03:09:49 shreeram kernel: Spectre V2 : Spectre v2 / SpectreRSB mitigation: Filling RSB on context switch
Apr 25 03:09:49 shreeram kernel: Spectre V2 : Spectre v2 / SpectreRSB : Filling RSB on VMEXIT
Apr 25 03:09:49 shreeram kernel: RETBleed: Mitigation: IBRS
Apr 25 03:09:49 shreeram kernel: Spectre V2 : mitigation: Enabling conditional Indirect Branch Prediction Barrier
Apr 25 03:09:49 shreeram kernel: Speculative Store Bypass: Mitigation: Speculative Store Bypass disabled via prctl
Apr 25 03:09:49 shreeram kernel: MDS: Mitigation: Clear CPU buffers
Apr 25 03:09:49 shreeram kernel: smpboot: CPU0: 12th Gen Intel(R) Core(TM) i5-1235U (family: 0x6, model: 0x9a, stepping: 0x4)
Apr 25 03:09:49 shreeram kernel: cblist_init_generic: Setting adjustable number of callback queues.
Apr 25 03:09:49 shreeram kernel: cblist_init_generic: Setting shift to 7 and lim to 1.
Apr 25 03:09:49 shreeram kernel: cblist_init_generic: Setting shift to 7 and lim to 1.
Apr 25 03:09:49 shreeram kernel: cblist_init_generic: Setting shift to 7 and lim to 1.
Apr 25 03:09:49 shreeram kernel: Performance Events: Alderlake Hybrid events, core PMU driver.
Apr 25 03:09:49 shreeram kernel: core: CPUID marked event: 'cpu cycles' unavailable
Apr 25 03:09:49 shreeram kernel: core: CPUID marked event: 'instructions' unavailable
Apr 25 03:09:49 shreeram kernel: core: CPUID marked event: 'bus cycles' unavailable
Apr 25 03:09:49 shreeram kernel: core: CPUID marked event: 'cache references' unavailable
Apr 25 03:09:49 shreeram kernel: core: CPUID marked event: 'cache misses' unavailable
Apr 25 03:09:49 shreeram kernel: core: CPUID marked event: 'branch instructions' unavailable
Apr 25 03:09:49 shreeram kernel: core: CPUID marked event: 'branch misses' unavailable
Apr 25 03:09:49 shreeram kernel: core: cpu_core PMU driver: 
Apr 25 03:09:49 shreeram kernel: ... version:                1
Apr 25 03:09:49 shreeram kernel: ... bit width:              48
Apr 25 03:09:49 shreeram kernel: ... generic registers:      6
Apr 25 03:09:49 shreeram kernel: ... value mask:             0000ffffffffffff
Apr 25 03:09:49 shreeram kernel: ... max period:             000000007fffffff
Apr 25 03:09:49 shreeram kernel: ... fixed-purpose events:   0
Apr 25 03:09:49 shreeram kernel: ... event mask:             0001000f0000003f
Apr 25 03:09:49 shreeram kernel: rcu: Hierarchical SRCU implementation.
Apr 25 03:09:49 shreeram kernel: rcu: #011Max phase no-delay instances is 400.
Apr 25 03:09:49 shreeram kernel: printk: console [tty0] printing thread started
Apr 25 03:09:49 shreeram kernel: NMI watchdog: Perf NMI watchdog permanently disabled
Apr 25 03:09:49 shreeram kernel: smp: Bringing up secondary CPUs ...
Apr 25 03:09:49 shreeram kernel: smp: Brought up 1 node, 1 CPU
Apr 25 03:09:49 shreeram kernel: smpboot: Max logical packages: 128
Apr 25 03:09:49 shreeram kernel: smpboot: Total of 1 processors activated (4992.00 BogoMIPS)
Apr 25 03:09:49 shreeram kernel: node 0 deferred pages initialised in 51ms
Apr 25 03:09:49 shreeram kernel: devtmpfs: initialized
Apr 25 03:09:49 shreeram kernel: x86/mm: Memory block size: 128MB
Apr 25 03:09:49 shreeram kernel: ACPI: PM: Registering ACPI NVS region [mem 0x7feff000-0x7fefffff] (4096 bytes)
Apr 25 03:09:49 shreeram kernel: clocksource: jiffies: mask: 0xffffffff max_cycles: 0xffffffff, max_idle_ns: 1911260446275000 ns
Apr 25 03:09:49 shreeram kernel: futex hash table entries: 32768 (order: 9, 2097152 bytes, linear)
Apr 25 03:09:49 shreeram kernel: pinctrl core: initialized pinctrl subsystem
Apr 25 03:09:49 shreeram kernel: NET: Registered PF_NETLINK/PF_ROUTE protocol family
Apr 25 03:09:49 shreeram kernel: DMA: preallocated 256 KiB GFP_KERNEL pool for atomic allocations
Apr 25 03:09:49 shreeram kernel: DMA: preallocated 256 KiB GFP_KERNEL|GFP_DMA pool for atomic allocations
Apr 25 03:09:49 shreeram kernel: DMA: preallocated 256 KiB GFP_KERNEL|GFP_DMA32 pool for atomic allocations
Apr 25 03:09:49 shreeram kernel: audit: initializing netlink subsys (disabled)
Apr 25 03:09:49 shreeram kernel: thermal_sys: Registered thermal governor 'fair_share'
Apr 25 03:09:49 shreeram kernel: thermal_sys: Registered thermal governor 'step_wise'
Apr 25 03:09:49 shreeram kernel: thermal_sys: Registered thermal governor 'user_space'
Apr 25 03:09:49 shreeram kernel: audit: type=2000 audit(1745530787.098:1): state=initialized audit_enabled=0 res=1
Apr 25 03:09:49 shreeram kernel: cpuidle: using governor menu
Apr 25 03:09:49 shreeram kernel: Simple Boot Flag at 0x36 set to 0x80
Apr 25 03:09:49 shreeram kernel: acpiphp: ACPI Hot Plug PCI Controller Driver version: 0.5
Apr 25 03:09:49 shreeram kernel: PCI: MMCONFIG for domain 0000 [bus 00-7f] at [mem 0xf0000000-0xf7ffffff] (base 0xf0000000)
Apr 25 03:09:49 shreeram kernel: PCI: MMCONFIG at [mem 0xf0000000-0xf7ffffff] reserved as E820 entry
Apr 25 03:09:49 shreeram kernel: PCI: Using configuration type 1 for base access
Apr 25 03:09:49 shreeram kernel: kprobes: kprobe jump-optimization is enabled. All kprobes are optimized if possible.
Apr 25 03:09:49 shreeram kernel: HugeTLB: registered 1.00 GiB page size, pre-allocated 0 pages
Apr 25 03:09:49 shreeram kernel: HugeTLB: 16380 KiB vmemmap can be freed for a 1.00 GiB page
Apr 25 03:09:49 shreeram kernel: HugeTLB: registered 2.00 MiB page size, pre-allocated 0 pages
Apr 25 03:09:49 shreeram kernel: HugeTLB: 28 KiB vmemmap can be freed for a 2.00 MiB page
Apr 25 03:09:49 shreeram kernel: cryptd: max_cpu_qlen set to 1000
Apr 25 03:09:49 shreeram kernel: ACPI: Added _OSI(Module Device)
Apr 25 03:09:49 shreeram kernel: ACPI: Added _OSI(Processor Device)
Apr 25 03:09:49 shreeram kernel: ACPI: Added _OSI(3.0 _SCP Extensions)
Apr 25 03:09:49 shreeram kernel: ACPI: Added _OSI(Processor Aggregator Device)
Apr 25 03:09:49 shreeram kernel: ACPI: Added _OSI(Linux-Dell-Video)
Apr 25 03:09:49 shreeram kernel: ACPI: Added _OSI(Linux-Lenovo-NV-HDMI-Audio)
Apr 25 03:09:49 shreeram kernel: ACPI: Added _OSI(Linux-HPI-Hybrid-Graphics)
Apr 25 03:09:49 shreeram kernel: ACPI: 1 ACPI AML tables successfully acquired and loaded
Apr 25 03:09:49 shreeram kernel: ACPI: [Firmware Bug]: BIOS _OSI(Linux) query ignored
Apr 25 03:09:49 shreeram kernel: ACPI: Interpreter enabled
Apr 25 03:09:49 shreeram kernel: ACPI: PM: (supports S0 S1 S4 S5)
Apr 25 03:09:49 shreeram kernel: ACPI: Using IOAPIC for interrupt routing
Apr 25 03:09:49 shreeram kernel: PCI: Using host bridge windows from ACPI; if necessary, use "pci=nocrs" and report a bug
Apr 25 03:09:49 shreeram kernel: PCI: Using E820 reservations for host bridge windows
Apr 25 03:09:49 shreeram kernel: ACPI: Enabled 4 GPEs in block 00 to 0F
Apr 25 03:09:49 shreeram kernel: ACPI: PCI Root Bridge [PCI0] (domain 0000 [bus 00-7f])
Apr 25 03:09:49 shreeram kernel: acpi PNP0A03:00: _OSC: OS supports [ExtendedConfig ASPM ClockPM Segments MSI EDR HPX-Type3]
Apr 25 03:09:49 shreeram kernel: acpi PNP0A03:00: _OSC: platform does not support [AER LTR DPC]
Apr 25 03:09:49 shreeram kernel: acpi PNP0A03:00: _OSC: OS now controls [PCIeHotplug SHPCHotplug PME PCIeCapability]
Apr 25 03:09:49 shreeram kernel: PCI host bridge to bus 0000:00
Apr 25 03:09:49 shreeram kernel: pci_bus 0000:00: root bus resource [mem 0x000a0000-0x000bffff window]
Apr 25 03:09:49 shreeram kernel: pci_bus 0000:00: root bus resource [mem 0x000d0000-0x000dbfff window]
Apr 25 03:09:49 shreeram kernel: pci_bus 0000:00: root bus resource [mem 0xc0000000-0xfebfffff window]
Apr 25 03:09:49 shreeram kernel: pci_bus 0000:00: root bus resource [io  0x0000-0x0cf7 window]
Apr 25 03:09:49 shreeram kernel: pci_bus 0000:00: root bus resource [io  0x0d00-0xfeff window]
Apr 25 03:09:49 shreeram kernel: pci_bus 0000:00: root bus resource [bus 00-7f]
Apr 25 03:09:49 shreeram kernel: pci 0000:00:00.0: [8086:7190] type 00 class 0x060000
Apr 25 03:09:49 shreeram kernel: pci 0000:00:01.0: [8086:7191] type 01 class 0x060400
Apr 25 03:09:49 shreeram kernel: pci 0000:00:07.0: [8086:7110] type 00 class 0x060100
Apr 25 03:09:49 shreeram kernel: pci 0000:00:07.1: [8086:7111] type 00 class 0x01018a
Apr 25 03:09:49 shreeram kernel: pci 0000:00:07.1: reg 0x20: [io  0x1060-0x106f]
Apr 25 03:09:49 shreeram kernel: pci 0000:00:07.1: legacy IDE quirk: reg 0x10: [io  0x01f0-0x01f7]
Apr 25 03:09:49 shreeram kernel: pci 0000:00:07.1: legacy IDE quirk: reg 0x14: [io  0x03f6]
Apr 25 03:09:49 shreeram kernel: pci 0000:00:07.1: legacy IDE quirk: reg 0x18: [io  0x0170-0x0177]
Apr 25 03:09:49 shreeram kernel: pci 0000:00:07.1: legacy IDE quirk: reg 0x1c: [io  0x0376]
Apr 25 03:09:49 shreeram kernel: pci 0000:00:07.3: [8086:7113] type 00 class 0x068000
Apr 25 03:09:49 shreeram kernel: pci 0000:00:07.3: quirk: [io  0x1000-0x103f] claimed by PIIX4 ACPI
Apr 25 03:09:49 shreeram kernel: pci 0000:00:07.3: quirk: [io  0x1040-0x104f] claimed by PIIX4 SMB
Apr 25 03:09:49 shreeram kernel: pci 0000:00:07.7: [15ad:0740] type 00 class 0x088000
Apr 25 03:09:49 shreeram kernel: pci 0000:00:07.7: reg 0x10: [io  0x1080-0x10bf]
Apr 25 03:09:49 shreeram kernel: pci 0000:00:07.7: reg 0x14: [mem 0xfebfe000-0xfebfffff 64bit]
Apr 25 03:09:49 shreeram kernel: pci 0000:00:0f.0: [15ad:0405] type 00 class 0x030000
Apr 25 03:09:49 shreeram kernel: pci 0000:00:0f.0: reg 0x10: [io  0x1070-0x107f]
Apr 25 03:09:49 shreeram kernel: pci 0000:00:0f.0: reg 0x14: [mem 0xe8000000-0xefffffff pref]
Apr 25 03:09:49 shreeram kernel: pci 0000:00:0f.0: reg 0x18: [mem 0xfe000000-0xfe7fffff]
Apr 25 03:09:49 shreeram kernel: pci 0000:00:0f.0: reg 0x30: [mem 0x00000000-0x00007fff pref]
Apr 25 03:09:49 shreeram kernel: pci 0000:00:0f.0: Video device with shadowed ROM at [mem 0x000c0000-0x000dffff]
Apr 25 03:09:49 shreeram kernel: pci 0000:00:11.0: [15ad:0790] type 01 class 0x060401
Apr 25 03:09:49 shreeram kernel: pci 0000:00:15.0: [15ad:07a0] type 01 class 0x060400
Apr 25 03:09:49 shreeram kernel: pci 0000:00:15.0: PME# supported from D0 D3hot D3cold
Apr 25 03:09:49 shreeram kernel: pci 0000:00:15.1: [15ad:07a0] type 01 class 0x060400
Apr 25 03:09:49 shreeram kernel: pci 0000:00:15.1: PME# supported from D0 D3hot D3cold
Apr 25 03:09:49 shreeram kernel: pci 0000:00:15.2: [15ad:07a0] type 01 class 0x060400
Apr 25 03:09:49 shreeram kernel: pci 0000:00:15.2: PME# supported from D0 D3hot D3cold
Apr 25 03:09:49 shreeram kernel: pci 0000:00:15.3: [15ad:07a0] type 01 class 0x060400
Apr 25 03:09:49 shreeram kernel: pci 0000:00:15.3: PME# supported from D0 D3hot D3cold
Apr 25 03:09:49 shreeram kernel: pci 0000:00:15.4: [15ad:07a0] type 01 class 0x060400
Apr 25 03:09:49 shreeram kernel: pci 0000:00:15.4: PME# supported from D0 D3hot D3cold
Apr 25 03:09:49 shreeram kernel: pci 0000:00:15.5: [15ad:07a0] type 01 class 0x060400
Apr 25 03:09:49 shreeram kernel: pci 0000:00:15.5: PME# supported from D0 D3hot D3cold
Apr 25 03:09:49 shreeram kernel: pci 0000:00:15.6: [15ad:07a0] type 01 class 0x060400
Apr 25 03:09:49 shreeram kernel: pci 0000:00:15.6: PME# supported from D0 D3hot D3cold
Apr 25 03:09:49 shreeram kernel: pci 0000:00:15.7: [15ad:07a0] type 01 class 0x060400
Apr 25 03:09:49 shreeram kernel: pci 0000:00:15.7: PME# supported from D0 D3hot D3cold
Apr 25 03:09:49 shreeram kernel: pci 0000:00:16.0: [15ad:07a0] type 01 class 0x060400
Apr 25 03:09:49 shreeram kernel: pci 0000:00:16.0: PME# supported from D0 D3hot D3cold
Apr 25 03:09:49 shreeram kernel: pci 0000:00:16.1: [15ad:07a0] type 01 class 0x060400
Apr 25 03:09:49 shreeram kernel: pci 0000:00:16.1: PME# supported from D0 D3hot D3cold
Apr 25 03:09:49 shreeram kernel: pci 0000:00:16.2: [15ad:07a0] type 01 class 0x060400
Apr 25 03:09:49 shreeram kernel: pci 0000:00:16.2: PME# supported from D0 D3hot D3cold
Apr 25 03:09:49 shreeram kernel: pci 0000:00:16.3: [15ad:07a0] type 01 class 0x060400
Apr 25 03:09:49 shreeram kernel: pci 0000:00:16.3: PME# supported from D0 D3hot D3cold
Apr 25 03:09:49 shreeram kernel: pci 0000:00:16.4: [15ad:07a0] type 01 class 0x060400
Apr 25 03:09:49 shreeram kernel: pci 0000:00:16.4: PME# supported from D0 D3hot D3cold
Apr 25 03:09:49 shreeram kernel: pci 0000:00:16.5: [15ad:07a0] type 01 class 0x060400
Apr 25 03:09:49 shreeram kernel: pci 0000:00:16.5: PME# supported from D0 D3hot D3cold
Apr 25 03:09:49 shreeram kernel: pci 0000:00:16.6: [15ad:07a0] type 01 class 0x060400
Apr 25 03:09:49 shreeram kernel: pci 0000:00:16.6: PME# supported from D0 D3hot D3cold
Apr 25 03:09:49 shreeram kernel: pci 0000:00:16.7: [15ad:07a0] type 01 class 0x060400
Apr 25 03:09:49 shreeram kernel: pci 0000:00:16.7: PME# supported from D0 D3hot D3cold
Apr 25 03:09:49 shreeram kernel: pci 0000:00:17.0: [15ad:07a0] type 01 class 0x060400
Apr 25 03:09:49 shreeram kernel: pci 0000:00:17.0: PME# supported from D0 D3hot D3cold
Apr 25 03:09:49 shreeram kernel: pci 0000:00:17.1: [15ad:07a0] type 01 class 0x060400
Apr 25 03:09:49 shreeram kernel: pci 0000:00:17.1: PME# supported from D0 D3hot D3cold
Apr 25 03:09:49 shreeram kernel: pci 0000:00:17.2: [15ad:07a0] type 01 class 0x060400
Apr 25 03:09:49 shreeram kernel: pci 0000:00:17.2: PME# supported from D0 D3hot D3cold
Apr 25 03:09:49 shreeram kernel: pci 0000:00:17.3: [15ad:07a0] type 01 class 0x060400
Apr 25 03:09:49 shreeram kernel: pci 0000:00:17.3: PME# supported from D0 D3hot D3cold
Apr 25 03:09:49 shreeram kernel: pci 0000:00:17.4: [15ad:07a0] type 01 class 0x060400
Apr 25 03:09:49 shreeram kernel: pci 0000:00:17.4: PME# supported from D0 D3hot D3cold
Apr 25 03:09:49 shreeram kernel: pci 0000:00:17.5: [15ad:07a0] type 01 class 0x060400
Apr 25 03:09:49 shreeram kernel: pci 0000:00:17.5: PME# supported from D0 D3hot D3cold
Apr 25 03:09:49 shreeram kernel: pci 0000:00:17.6: [15ad:07a0] type 01 class 0x060400
Apr 25 03:09:49 shreeram kernel: pci 0000:00:17.6: PME# supported from D0 D3hot D3cold
Apr 25 03:09:49 shreeram kernel: pci 0000:00:17.7: [15ad:07a0] type 01 class 0x060400
Apr 25 03:09:49 shreeram kernel: pci 0000:00:17.7: PME# supported from D0 D3hot D3cold
Apr 25 03:09:49 shreeram kernel: pci 0000:00:18.0: [15ad:07a0] type 01 class 0x060400
Apr 25 03:09:49 shreeram kernel: pci 0000:00:18.0: PME# supported from D0 D3hot D3cold
Apr 25 03:09:49 shreeram kernel: pci 0000:00:18.1: [15ad:07a0] type 01 class 0x060400
Apr 25 03:09:49 shreeram kernel: pci 0000:00:18.1: PME# supported from D0 D3hot D3cold
Apr 25 03:09:49 shreeram kernel: pci 0000:00:18.2: [15ad:07a0] type 01 class 0x060400
Apr 25 03:09:49 shreeram kernel: pci 0000:00:18.2: PME# supported from D0 D3hot D3cold
Apr 25 03:09:49 shreeram kernel: pci 0000:00:18.3: [15ad:07a0] type 01 class 0x060400
Apr 25 03:09:49 shreeram kernel: pci 0000:00:18.3: PME# supported from D0 D3hot D3cold
Apr 25 03:09:49 shreeram kernel: pci 0000:00:18.4: [15ad:07a0] type 01 class 0x060400
Apr 25 03:09:49 shreeram kernel: pci 0000:00:18.4: PME# supported from D0 D3hot D3cold
Apr 25 03:09:49 shreeram kernel: pci 0000:00:18.5: [15ad:07a0] type 01 class 0x060400
Apr 25 03:09:49 shreeram kernel: pci 0000:00:18.5: PME# supported from D0 D3hot D3cold
Apr 25 03:09:49 shreeram kernel: pci 0000:00:18.6: [15ad:07a0] type 01 class 0x060400
Apr 25 03:09:49 shreeram kernel: pci 0000:00:18.6: PME# supported from D0 D3hot D3cold
Apr 25 03:09:49 shreeram kernel: pci 0000:00:18.7: [15ad:07a0] type 01 class 0x060400
Apr 25 03:09:49 shreeram kernel: pci 0000:00:18.7: PME# supported from D0 D3hot D3cold
Apr 25 03:09:49 shreeram kernel: pci_bus 0000:01: extended config space not accessible
Apr 25 03:09:49 shreeram kernel: pci 0000:00:01.0: PCI bridge to [bus 01]
Apr 25 03:09:49 shreeram kernel: pci_bus 0000:02: extended config space not accessible
Apr 25 03:09:49 shreeram kernel: acpiphp: Slot [32] registered
Apr 25 03:09:49 shreeram kernel: acpiphp: Slot [33] registered
Apr 25 03:09:49 shreeram kernel: acpiphp: Slot [34] registered
Apr 25 03:09:49 shreeram kernel: acpiphp: Slot [35] registered
Apr 25 03:09:49 shreeram kernel: acpiphp: Slot [36] registered
Apr 25 03:09:49 shreeram kernel: acpiphp: Slot [37] registered
Apr 25 03:09:49 shreeram kernel: acpiphp: Slot [38] registered
Apr 25 03:09:49 shreeram kernel: acpiphp: Slot [39] registered
Apr 25 03:09:49 shreeram kernel: acpiphp: Slot [40] registered
Apr 25 03:09:49 shreeram kernel: acpiphp: Slot [41] registered
Apr 25 03:09:49 shreeram kernel: acpiphp: Slot [42] registered
Apr 25 03:09:49 shreeram kernel: acpiphp: Slot [43] registered
Apr 25 03:09:49 shreeram kernel: acpiphp: Slot [44] registered
Apr 25 03:09:49 shreeram kernel: acpiphp: Slot [45] registered
Apr 25 03:09:49 shreeram kernel: acpiphp: Slot [46] registered
Apr 25 03:09:49 shreeram kernel: acpiphp: Slot [47] registered
Apr 25 03:09:49 shreeram kernel: acpiphp: Slot [48] registered
Apr 25 03:09:49 shreeram kernel: acpiphp: Slot [49] registered
Apr 25 03:09:49 shreeram kernel: acpiphp: Slot [50] registered
Apr 25 03:09:49 shreeram kernel: acpiphp: Slot [51] registered
Apr 25 03:09:49 shreeram kernel: acpiphp: Slot [52] registered
Apr 25 03:09:49 shreeram kernel: acpiphp: Slot [53] registered
Apr 25 03:09:49 shreeram kernel: acpiphp: Slot [54] registered
Apr 25 03:09:49 shreeram kernel: acpiphp: Slot [55] registered
Apr 25 03:09:49 shreeram kernel: acpiphp: Slot [56] registered
Apr 25 03:09:49 shreeram kernel: acpiphp: Slot [57] registered
Apr 25 03:09:49 shreeram kernel: acpiphp: Slot [58] registered
Apr 25 03:09:49 shreeram kernel: acpiphp: Slot [59] registered
Apr 25 03:09:49 shreeram kernel: acpiphp: Slot [60] registered
Apr 25 03:09:49 shreeram kernel: acpiphp: Slot [61] registered
Apr 25 03:09:49 shreeram kernel: acpiphp: Slot [62] registered
Apr 25 03:09:49 shreeram kernel: acpiphp: Slot [63] registered
Apr 25 03:09:49 shreeram kernel: pci 0000:02:00.0: [15ad:0774] type 00 class 0x0c0300
Apr 25 03:09:49 shreeram kernel: pci 0000:02:00.0: reg 0x20: [io  0x2040-0x205f]
Apr 25 03:09:49 shreeram kernel: pci 0000:02:01.0: [1274:1371] type 00 class 0x040100
Apr 25 03:09:49 shreeram kernel: pci 0000:02:01.0: reg 0x10: [io  0x2000-0x203f]
Apr 25 03:09:49 shreeram kernel: pci 0000:02:02.0: [15ad:0770] type 00 class 0x0c0320
Apr 25 03:09:49 shreeram kernel: pci 0000:02:02.0: reg 0x10: [mem 0xfd5ff000-0xfd5fffff]
Apr 25 03:09:49 shreeram kernel: pci 0000:02:03.0: [15ad:07e0] type 00 class 0x010601
Apr 25 03:09:49 shreeram kernel: pci 0000:02:03.0: reg 0x24: [mem 0xfd5fe000-0xfd5fefff]
Apr 25 03:09:49 shreeram kernel: pci 0000:02:03.0: reg 0x30: [mem 0x00000000-0x0000ffff pref]
Apr 25 03:09:49 shreeram kernel: pci 0000:02:03.0: PME# supported from D3hot
Apr 25 03:09:49 shreeram kernel: pci 0000:00:11.0: PCI bridge to [bus 02] (subtractive decode)
Apr 25 03:09:49 shreeram kernel: pci 0000:00:11.0:   bridge window [io  0x2000-0x3fff]
Apr 25 03:09:49 shreeram kernel: pci 0000:00:11.0:   bridge window [mem 0xfd500000-0xfdffffff]
Apr 25 03:09:49 shreeram kernel: pci 0000:00:11.0:   bridge window [mem 0xe7b00000-0xe7ffffff 64bit pref]
Apr 25 03:09:49 shreeram kernel: pci 0000:00:11.0:   bridge window [mem 0x000a0000-0x000bffff window] (subtractive decode)
Apr 25 03:09:49 shreeram kernel: pci 0000:00:11.0:   bridge window [mem 0x000d0000-0x000dbfff window] (subtractive decode)
Apr 25 03:09:49 shreeram kernel: pci 0000:00:11.0:   bridge window [mem 0xc0000000-0xfebfffff window] (subtractive decode)
Apr 25 03:09:49 shreeram kernel: pci 0000:00:11.0:   bridge window [io  0x0000-0x0cf7 window] (subtractive decode)
Apr 25 03:09:49 shreeram kernel: pci 0000:00:11.0:   bridge window [io  0x0d00-0xfeff window] (subtractive decode)
Apr 25 03:09:49 shreeram kernel: pci 0000:03:00.0: [15ad:07b0] type 00 class 0x020000
Apr 25 03:09:49 shreeram kernel: pci 0000:03:00.0: reg 0x10: [mem 0xfd4fc000-0xfd4fcfff]
Apr 25 03:09:49 shreeram kernel: pci 0000:03:00.0: reg 0x14: [mem 0xfd4fd000-0xfd4fdfff]
Apr 25 03:09:49 shreeram kernel: pci 0000:03:00.0: reg 0x18: [mem 0xfd4fe000-0xfd4fffff]
Apr 25 03:09:49 shreeram kernel: pci 0000:03:00.0: reg 0x1c: [io  0x4000-0x400f]
Apr 25 03:09:49 shreeram kernel: pci 0000:03:00.0: reg 0x30: [mem 0x00000000-0x0000ffff pref]
Apr 25 03:09:49 shreeram kernel: pci 0000:03:00.0: supports D1 D2
Apr 25 03:09:49 shreeram kernel: pci 0000:03:00.0: PME# supported from D0 D1 D2 D3hot D3cold
Apr 25 03:09:49 shreeram kernel: pci 0000:03:00.0: disabling ASPM on pre-1.1 PCIe device.  You can enable it with 'pcie_aspm=force'
Apr 25 03:09:49 shreeram kernel: pci 0000:00:15.0: PCI bridge to [bus 03]
Apr 25 03:09:49 shreeram kernel: pci 0000:00:15.0:   bridge window [io  0x4000-0x4fff]
Apr 25 03:09:49 shreeram kernel: pci 0000:00:15.0:   bridge window [mem 0xfd400000-0xfd4fffff]
Apr 25 03:09:49 shreeram kernel: pci 0000:00:15.1: PCI bridge to [bus 04]
Apr 25 03:09:49 shreeram kernel: pci 0000:00:15.1:   bridge window [io  0x8000-0x8fff]
Apr 25 03:09:49 shreeram kernel: pci 0000:00:15.1:   bridge window [mem 0xfd000000-0xfd0fffff]
Apr 25 03:09:49 shreeram kernel: pci 0000:00:15.1:   bridge window [mem 0xe7800000-0xe78fffff 64bit pref]
Apr 25 03:09:49 shreeram kernel: pci 0000:00:15.2: PCI bridge to [bus 05]
Apr 25 03:09:49 shreeram kernel: pci 0000:00:15.2:   bridge window [io  0xc000-0xcfff]
Apr 25 03:09:49 shreeram kernel: pci 0000:00:15.2:   bridge window [mem 0xfcc00000-0xfccfffff]
Apr 25 03:09:49 shreeram kernel: pci 0000:00:15.2:   bridge window [mem 0xe7400000-0xe74fffff 64bit pref]
Apr 25 03:09:49 shreeram kernel: pci 0000:00:15.3: PCI bridge to [bus 06]
Apr 25 03:09:49 shreeram kernel: pci 0000:00:15.3:   bridge window [mem 0xfc800000-0xfc8fffff]
Apr 25 03:09:49 shreeram kernel: pci 0000:00:15.3:   bridge window [mem 0xe7000000-0xe70fffff 64bit pref]
Apr 25 03:09:49 shreeram kernel: pci 0000:00:15.4: PCI bridge to [bus 07]
Apr 25 03:09:49 shreeram kernel: pci 0000:00:15.4:   bridge window [mem 0xfc400000-0xfc4fffff]
Apr 25 03:09:49 shreeram kernel: pci 0000:00:15.4:   bridge window [mem 0xe6c00000-0xe6cfffff 64bit pref]
Apr 25 03:09:49 shreeram kernel: pci 0000:00:15.5: PCI bridge to [bus 08]
Apr 25 03:09:49 shreeram kernel: pci 0000:00:15.5:   bridge window [mem 0xfc000000-0xfc0fffff]
Apr 25 03:09:49 shreeram kernel: pci 0000:00:15.5:   bridge window [mem 0xe6800000-0xe68fffff 64bit pref]
Apr 25 03:09:49 shreeram kernel: pci 0000:00:15.6: PCI bridge to [bus 09]
Apr 25 03:09:49 shreeram kernel: pci 0000:00:15.6:   bridge window [mem 0xfbc00000-0xfbcfffff]
Apr 25 03:09:49 shreeram kernel: pci 0000:00:15.6:   bridge window [mem 0xe6400000-0xe64fffff 64bit pref]
Apr 25 03:09:49 shreeram kernel: pci 0000:00:15.7: PCI bridge to [bus 0a]
Apr 25 03:09:49 shreeram kernel: pci 0000:00:15.7:   bridge window [mem 0xfb800000-0xfb8fffff]
Apr 25 03:09:49 shreeram kernel: pci 0000:00:15.7:   bridge window [mem 0xe6000000-0xe60fffff 64bit pref]
Apr 25 03:09:49 shreeram kernel: pci 0000:0b:00.0: [15ad:07f0] type 00 class 0x010802
Apr 25 03:09:49 shreeram kernel: pci 0000:0b:00.0: reg 0x10: [mem 0xfd3fc000-0xfd3fffff 64bit]
Apr 25 03:09:49 shreeram kernel: pci 0000:0b:00.0: reg 0x18: [io  0x5000-0x5007]
Apr 25 03:09:49 shreeram kernel: pci 0000:0b:00.0: reg 0x30: [mem 0x00000000-0x00001fff pref]
Apr 25 03:09:49 shreeram kernel: pci 0000:0b:00.0: PME# supported from D0 D3hot D3cold
Apr 25 03:09:49 shreeram kernel: pci 0000:0b:00.0: disabling ASPM on pre-1.1 PCIe device.  You can enable it with 'pcie_aspm=force'
Apr 25 03:09:49 shreeram kernel: pci 0000:00:16.0: PCI bridge to [bus 0b]
Apr 25 03:09:49 shreeram kernel: pci 0000:00:16.0:   bridge window [io  0x5000-0x5fff]
Apr 25 03:09:49 shreeram kernel: pci 0000:00:16.0:   bridge window [mem 0xfd300000-0xfd3fffff]
Apr 25 03:09:49 shreeram kernel: pci 0000:00:16.1: PCI bridge to [bus 0c]
Apr 25 03:09:49 shreeram kernel: pci 0000:00:16.1:   bridge window [io  0x9000-0x9fff]
Apr 25 03:09:49 shreeram kernel: pci 0000:00:16.1:   bridge window [mem 0xfcf00000-0xfcffffff]
Apr 25 03:09:49 shreeram kernel: pci 0000:00:16.1:   bridge window [mem 0xe7700000-0xe77fffff 64bit pref]
Apr 25 03:09:49 shreeram kernel: pci 0000:00:16.2: PCI bridge to [bus 0d]
Apr 25 03:09:49 shreeram kernel: pci 0000:00:16.2:   bridge window [io  0xd000-0xdfff]
Apr 25 03:09:49 shreeram kernel: pci 0000:00:16.2:   bridge window [mem 0xfcb00000-0xfcbfffff]
Apr 25 03:09:49 shreeram kernel: pci 0000:00:16.2:   bridge window [mem 0xe7300000-0xe73fffff 64bit pref]
Apr 25 03:09:49 shreeram kernel: pci 0000:00:16.3: PCI bridge to [bus 0e]
Apr 25 03:09:49 shreeram kernel: pci 0000:00:16.3:   bridge window [mem 0xfc700000-0xfc7fffff]
Apr 25 03:09:49 shreeram kernel: pci 0000:00:16.3:   bridge window [mem 0xe6f00000-0xe6ffffff 64bit pref]
Apr 25 03:09:49 shreeram kernel: pci 0000:00:16.4: PCI bridge to [bus 0f]
Apr 25 03:09:49 shreeram kernel: pci 0000:00:16.4:   bridge window [mem 0xfc300000-0xfc3fffff]
Apr 25 03:09:49 shreeram kernel: pci 0000:00:16.4:   bridge window [mem 0xe6b00000-0xe6bfffff 64bit pref]
Apr 25 03:09:49 shreeram kernel: pci 0000:00:16.5: PCI bridge to [bus 10]
Apr 25 03:09:49 shreeram kernel: pci 0000:00:16.5:   bridge window [mem 0xfbf00000-0xfbffffff]
Apr 25 03:09:49 shreeram kernel: pci 0000:00:16.5:   bridge window [mem 0xe6700000-0xe67fffff 64bit pref]
Apr 25 03:09:49 shreeram kernel: pci 0000:00:16.6: PCI bridge to [bus 11]
Apr 25 03:09:49 shreeram kernel: pci 0000:00:16.6:   bridge window [mem 0xfbb00000-0xfbbfffff]
Apr 25 03:09:49 shreeram kernel: pci 0000:00:16.6:   bridge window [mem 0xe6300000-0xe63fffff 64bit pref]
Apr 25 03:09:49 shreeram kernel: pci 0000:00:16.7: PCI bridge to [bus 12]
Apr 25 03:09:49 shreeram kernel: pci 0000:00:16.7:   bridge window [mem 0xfb700000-0xfb7fffff]
Apr 25 03:09:49 shreeram kernel: pci 0000:00:16.7:   bridge window [mem 0xe5f00000-0xe5ffffff 64bit pref]
Apr 25 03:09:49 shreeram kernel: pci 0000:00:17.0: PCI bridge to [bus 13]
Apr 25 03:09:49 shreeram kernel: pci 0000:00:17.0:   bridge window [io  0x6000-0x6fff]
Apr 25 03:09:49 shreeram kernel: pci 0000:00:17.0:   bridge window [mem 0xfd200000-0xfd2fffff]
Apr 25 03:09:49 shreeram kernel: pci 0000:00:17.0:   bridge window [mem 0xe7a00000-0xe7afffff 64bit pref]
Apr 25 03:09:49 shreeram kernel: pci 0000:00:17.1: PCI bridge to [bus 14]
Apr 25 03:09:49 shreeram kernel: pci 0000:00:17.1:   bridge window [io  0xa000-0xafff]
Apr 25 03:09:49 shreeram kernel: pci 0000:00:17.1:   bridge window [mem 0xfce00000-0xfcefffff]
Apr 25 03:09:49 shreeram kernel: pci 0000:00:17.1:   bridge window [mem 0xe7600000-0xe76fffff 64bit pref]
Apr 25 03:09:49 shreeram kernel: pci 0000:00:17.2: PCI bridge to [bus 15]
Apr 25 03:09:49 shreeram kernel: pci 0000:00:17.2:   bridge window [io  0xe000-0xefff]
Apr 25 03:09:49 shreeram kernel: pci 0000:00:17.2:   bridge window [mem 0xfca00000-0xfcafffff]
Apr 25 03:09:49 shreeram kernel: pci 0000:00:17.2:   bridge window [mem 0xe7200000-0xe72fffff 64bit pref]
Apr 25 03:09:49 shreeram kernel: pci 0000:00:17.3: PCI bridge to [bus 16]
Apr 25 03:09:49 shreeram kernel: pci 0000:00:17.3:   bridge window [mem 0xfc600000-0xfc6fffff]
Apr 25 03:09:49 shreeram kernel: pci 0000:00:17.3:   bridge window [mem 0xe6e00000-0xe6efffff 64bit pref]
Apr 25 03:09:49 shreeram kernel: pci 0000:00:17.4: PCI bridge to [bus 17]
Apr 25 03:09:49 shreeram kernel: pci 0000:00:17.4:   bridge window [mem 0xfc200000-0xfc2fffff]
Apr 25 03:09:49 shreeram kernel: pci 0000:00:17.4:   bridge window [mem 0xe6a00000-0xe6afffff 64bit pref]
Apr 25 03:09:49 shreeram kernel: pci 0000:00:17.5: PCI bridge to [bus 18]
Apr 25 03:09:49 shreeram kernel: pci 0000:00:17.5:   bridge window [mem 0xfbe00000-0xfbefffff]
Apr 25 03:09:49 shreeram kernel: pci 0000:00:17.5:   bridge window [mem 0xe6600000-0xe66fffff 64bit pref]
Apr 25 03:09:49 shreeram kernel: pci 0000:00:17.6: PCI bridge to [bus 19]
Apr 25 03:09:49 shreeram kernel: pci 0000:00:17.6:   bridge window [mem 0xfba00000-0xfbafffff]
Apr 25 03:09:49 shreeram kernel: pci 0000:00:17.6:   bridge window [mem 0xe6200000-0xe62fffff 64bit pref]
Apr 25 03:09:49 shreeram kernel: pci 0000:00:17.7: PCI bridge to [bus 1a]
Apr 25 03:09:49 shreeram kernel: pci 0000:00:17.7:   bridge window [mem 0xfb600000-0xfb6fffff]
Apr 25 03:09:49 shreeram kernel: pci 0000:00:17.7:   bridge window [mem 0xe5e00000-0xe5efffff 64bit pref]
Apr 25 03:09:49 shreeram kernel: pci 0000:00:18.0: PCI bridge to [bus 1b]
Apr 25 03:09:49 shreeram kernel: pci 0000:00:18.0:   bridge window [io  0x7000-0x7fff]
Apr 25 03:09:49 shreeram kernel: pci 0000:00:18.0:   bridge window [mem 0xfd100000-0xfd1fffff]
